14:02:03 **** Clean-only build of configuration Debug for project Eksploracja_v1 ****
make -j12 clean 
rm -rf ./Drivers/STM32F2xx_HAL_Driver/Src/stm32f2xx_hal.cyclo ./Drivers/STM32F2xx_HAL_Driver/Src/stm32f2xx_hal.d ./Drivers/STM32F2xx_HAL_Driver/Src/stm32f2xx_hal.o ./Drivers/STM32F2xx_HAL_Driver/Src/stm32f2xx_hal.su ./Drivers/STM32F2xx_HAL_Driver/Src/stm32f2xx_hal_cortex.cyclo ./Drivers/STM32F2xx_HAL_Driver/Src/stm32f2xx_hal_cortex.d ./Drivers/STM32F2xx_HAL_Driver/Src/stm32f2xx_hal_cortex.o ./Drivers/STM32F2xx_HAL_Driver/Src/stm32f2xx_hal_cortex.su ./Drivers/STM32F2xx_HAL_Driver/Src/stm32f2xx_hal_dma.cyclo ./Drivers/STM32F2xx_HAL_Driver/Src/stm32f2xx_hal_dma.d ./Drivers/STM32F2xx_HAL_Driver/Src/stm32f2xx_hal_dma.o ./Drivers/STM32F2xx_HAL_Driver/Src/stm32f2xx_hal_dma.su ./Drivers/STM32F2xx_HAL_Driver/Src/stm32f2xx_hal_dma_ex.cyclo ./Drivers/STM32F2xx_HAL_Driver/Src/stm32f2xx_hal_dma_ex.d ./Drivers/STM32F2xx_HAL_Driver/Src/stm32f2xx_hal_dma_ex.o ./Drivers/STM32F2xx_HAL_Driver/Src/stm32f2xx_hal_dma_ex.su ./Drivers/STM32F2xx_HAL_Driver/Src/stm32f2xx_hal_exti.cyclo ./Drivers/STM32F2xx_HAL_Driver/Src/stm32f2xx_hal_exti.d ./Drivers/STM32F2xx_HAL_Driver/Src/stm32f2xx_hal_exti.o ./Drivers/STM32F2xx_HAL_Driver/Src/stm32f2xx_hal_exti.su ./Drivers/STM32F2xx_HAL_Driver/Src/stm32f2xx_hal_flash.cyclo ./Drivers/STM32F2xx_HAL_Driver/Src/stm32f2xx_hal_flash.d ./Drivers/STM32F2xx_HAL_Driver/Src/stm32f2xx_hal_flash.o ./Drivers/STM32F2xx_HAL_Driver/Src/stm32f2xx_hal_flash.su ./Drivers/STM32F2xx_HAL_Driver/Src/stm32f2xx_hal_flash_ex.cyclo ./Drivers/STM32F2xx_HAL_Driver/Src/stm32f2xx_hal_flash_ex.d ./Drivers/STM32F2xx_HAL_Driver/Src/stm32f2xx_hal_flash_ex.o ./Drivers/STM32F2xx_HAL_Driver/Src/stm32f2xx_hal_flash_ex.su ./Drivers/STM32F2xx_HAL_Driver/Src/stm32f2xx_hal_gpio.cyclo ./Drivers/STM32F2xx_HAL_Driver/Src/stm32f2xx_hal_gpio.d ./Drivers/STM32F2xx_HAL_Driver/Src/stm32f2xx_hal_gpio.o ./Drivers/STM32F2xx_HAL_Driver/Src/stm32f2xx_hal_gpio.su ./Drivers/STM32F2xx_HAL_Driver/Src/stm32f2xx_hal_pwr.cyclo ./Drivers/STM32F2xx_HAL_Driver/Src/stm32f2xx_hal_pwr.d ./Drivers/STM32F2xx_HAL_Driver/Src/stm32f2xx_hal_pwr.o ./Drivers/STM32F2xx_HAL_Driver/Src/stm32f2xx_hal_pwr.su ./Drivers/STM32F2xx_HAL_Driver/Src/stm32f2xx_hal_pwr_ex.cyclo ./Drivers/STM32F2xx_HAL_Driver/Src/stm32f2xx_hal_pwr_ex.d ./Drivers/STM32F2xx_HAL_Driver/Src/stm32f2xx_hal_pwr_ex.o ./Drivers/STM32F2xx_HAL_Driver/Src/stm32f2xx_hal_pwr_ex.su ./Drivers/STM32F2xx_HAL_Driver/Src/stm32f2xx_hal_rcc.cyclo ./Drivers/STM32F2xx_HAL_Driver/Src/stm32f2xx_hal_rcc.d ./Drivers/STM32F2xx_HAL_Driver/Src/stm32f2xx_hal_rcc.o ./Drivers/STM32F2xx_HAL_Driver/Src/stm32f2xx_hal_rcc.su ./Drivers/STM32F2xx_HAL_Driver/Src/stm32f2xx_hal_rcc_ex.cyclo ./Drivers/STM32F2xx_HAL_Driver/Src/stm32f2xx_hal_rcc_ex.d ./Drivers/STM32F2xx_HAL_Driver/Src/stm32f2xx_hal_rcc_ex.o ./Drivers/STM32F2xx_HAL_Driver/Src/stm32f2xx_hal_rcc_ex.su
rm -rf ./Core/Startup/startup_stm32f207vetx.d ./Core/Startup/startup_stm32f207vetx.o
rm -rf ./Core/Src/main.cyclo ./Core/Src/main.d ./Core/Src/main.o ./Core/Src/main.su ./Core/Src/stm32f2xx_hal_msp.cyclo ./Core/Src/stm32f2xx_hal_msp.d ./Core/Src/stm32f2xx_hal_msp.o ./Core/Src/stm32f2xx_hal_msp.su ./Core/Src/stm32f2xx_it.cyclo ./Core/Src/stm32f2xx_it.d ./Core/Src/stm32f2xx_it.o ./Core/Src/stm32f2xx_it.su ./Core/Src/syscalls.cyclo ./Core/Src/syscalls.d ./Core/Src/syscalls.o ./Core/Src/syscalls.su ./Core/Src/sysmem.cyclo ./Core/Src/sysmem.d ./Core/Src/sysmem.o ./Core/Src/sysmem.su ./Core/Src/system_stm32f2xx.cyclo ./Core/Src/system_stm32f2xx.d ./Core/Src/system_stm32f2xx.o ./Core/Src/system_stm32f2xx.su
rm -rf Eksploracja_v1.elf Eksploracja_v1.list Eksploracja_v1.map default.size.stdout
rm: can't remove 'Eksploracja_v1.elf': Permission denied
make: [makefile:80: clean] Error 1 (ignored)
 
14:02:05 **** Clean-only build of configuration Debug for project Eksploracja_v1 ****
make -j12 clean 
rm -rf ./Drivers/STM32F2xx_HAL_Driver/Src/stm32f2xx_hal.cyclo ./Drivers/STM32F2xx_HAL_Driver/Src/stm32f2xx_hal.d ./Drivers/STM32F2xx_HAL_Driver/Src/stm32f2xx_hal.o ./Drivers/STM32F2xx_HAL_Driver/Src/stm32f2xx_hal.su ./Drivers/STM32F2xx_HAL_Driver/Src/stm32f2xx_hal_cortex.cyclo ./Drivers/STM32F2xx_HAL_Driver/Src/stm32f2xx_hal_cortex.d ./Drivers/STM32F2xx_HAL_Driver/Src/stm32f2xx_hal_cortex.o ./Drivers/STM32F2xx_HAL_Driver/Src/stm32f2xx_hal_cortex.su ./Drivers/STM32F2xx_HAL_Driver/Src/stm32f2xx_hal_dma.cyclo ./Drivers/STM32F2xx_HAL_Driver/Src/stm32f2xx_hal_dma.d ./Drivers/STM32F2xx_HAL_Driver/Src/stm32f2xx_hal_dma.o ./Drivers/STM32F2xx_HAL_Driver/Src/stm32f2xx_hal_dma.su ./Drivers/STM32F2xx_HAL_Driver/Src/stm32f2xx_hal_dma_ex.cyclo ./Drivers/STM32F2xx_HAL_Driver/Src/stm32f2xx_hal_dma_ex.d ./Drivers/STM32F2xx_HAL_Driver/Src/stm32f2xx_hal_dma_ex.o ./Drivers/STM32F2xx_HAL_Driver/Src/stm32f2xx_hal_dma_ex.su ./Drivers/STM32F2xx_HAL_Driver/Src/stm32f2xx_hal_exti.cyclo ./Drivers/STM32F2xx_HAL_Driver/Src/stm32f2xx_hal_exti.d ./Drivers/STM32F2xx_HAL_Driver/Src/stm32f2xx_hal_exti.o ./Drivers/STM32F2xx_HAL_Driver/Src/stm32f2xx_hal_exti.su ./Drivers/STM32F2xx_HAL_Driver/Src/stm32f2xx_hal_flash.cyclo ./Drivers/STM32F2xx_HAL_Driver/Src/stm32f2xx_hal_flash.d ./Drivers/STM32F2xx_HAL_Driver/Src/stm32f2xx_hal_flash.o ./Drivers/STM32F2xx_HAL_Driver/Src/stm32f2xx_hal_flash.su ./Drivers/STM32F2xx_HAL_Driver/Src/stm32f2xx_hal_flash_ex.cyclo ./Drivers/STM32F2xx_HAL_Driver/Src/stm32f2xx_hal_flash_ex.d ./Drivers/STM32F2xx_HAL_Driver/Src/stm32f2xx_hal_flash_ex.o ./Drivers/STM32F2xx_HAL_Driver/Src/stm32f2xx_hal_flash_ex.su ./Drivers/STM32F2xx_HAL_Driver/Src/stm32f2xx_hal_gpio.cyclo ./Drivers/STM32F2xx_HAL_Driver/Src/stm32f2xx_hal_gpio.d ./Drivers/STM32F2xx_HAL_Driver/Src/stm32f2xx_hal_gpio.o ./Drivers/STM32F2xx_HAL_Driver/Src/stm32f2xx_hal_gpio.su ./Drivers/STM32F2xx_HAL_Driver/Src/stm32f2xx_hal_pwr.cyclo ./Drivers/STM32F2xx_HAL_Driver/Src/stm32f2xx_hal_pwr.d ./Drivers/STM32F2xx_HAL_Driver/Src/stm32f2xx_hal_pwr.o ./Drivers/STM32F2xx_HAL_Driver/Src/stm32f2xx_hal_pwr.su ./Drivers/STM32F2xx_HAL_Driver/Src/stm32f2xx_hal_pwr_ex.cyclo ./Drivers/STM32F2xx_HAL_Driver/Src/stm32f2xx_hal_pwr_ex.d ./Drivers/STM32F2xx_HAL_Driver/Src/stm32f2xx_hal_pwr_ex.o ./Drivers/STM32F2xx_HAL_Driver/Src/stm32f2xx_hal_pwr_ex.su ./Drivers/STM32F2xx_HAL_Driver/Src/stm32f2xx_hal_rcc.cyclo ./Drivers/STM32F2xx_HAL_Driver/Src/stm32f2xx_hal_rcc.d ./Drivers/STM32F2xx_HAL_Driver/Src/stm32f2xx_hal_rcc.o ./Drivers/STM32F2xx_HAL_Driver/Src/stm32f2xx_hal_rcc.su ./Drivers/STM32F2xx_HAL_Driver/Src/stm32f2xx_hal_rcc_ex.cyclo ./Drivers/STM32F2xx_HAL_Driver/Src/stm32f2xx_hal_rcc_ex.d ./Drivers/STM32F2xx_HAL_Driver/Src/stm32f2xx_hal_rcc_ex.o ./Drivers/STM32F2xx_HAL_Driver/Src/stm32f2xx_hal_rcc_ex.su
rm -rf ./Core/Startup/startup_stm32f207vetx.d ./Core/Startup/startup_stm32f207vetx.o
rm -rf ./Core/Src/main.cyclo ./Core/Src/main.d ./Core/Src/main.o ./Core/Src/main.su ./Core/Src/stm32f2xx_hal_msp.cyclo ./Core/Src/stm32f2xx_hal_msp.d ./Core/Src/stm32f2xx_hal_msp.o ./Core/Src/stm32f2xx_hal_msp.su ./Core/Src/stm32f2xx_it.cyclo ./Core/Src/stm32f2xx_it.d ./Core/Src/stm32f2xx_it.o ./Core/Src/stm32f2xx_it.su ./Core/Src/syscalls.cyclo ./Core/Src/syscalls.d ./Core/Src/syscalls.o ./Core/Src/syscalls.su ./Core/Src/sysmem.cyclo ./Core/Src/sysmem.d ./Core/Src/sysmem.o ./Core/Src/sysmem.su ./Core/Src/system_stm32f2xx.cyclo ./Core/Src/system_stm32f2xx.d ./Core/Src/system_stm32f2xx.o ./Core/Src/system_stm32f2xx.su
rm -rf Eksploracja_v1.elf Eksploracja_v1.list Eksploracja_v1.map default.size.stdout
rm: can't remove 'Eksploracja_v1.elf': Permission denied
make: [makefile:80: clean] Error 1 (ignored)
 
14:02:06 **** Build of configuration Debug for project Eksploracja_v1 ****
make -j12 all 
arm-none-eabi-gcc "../Drivers/STM32F2xx_HAL_Driver/Src/stm32f2xx_hal.c" -mcpu=cortex-m3 -std=gnu11 -g3 -DDEBUG -DUSE_HAL_DRIVER -DSTM32F207xx -c -I../Core/Inc -I../Drivers/STM32F2xx_HAL_Driver/Inc -I../Drivers/STM32F2xx_HAL_Driver/Inc/Legacy -I../Drivers/CMSIS/Device/ST/STM32F2xx/Include -I../Drivers/CMSIS/Include -O3 -ffunction-sections -fdata-sections -Wall -fstack-usage -fcyclomatic-complexity -MMD -MP -MF"Drivers/STM32F2xx_HAL_Driver/Src/stm32f2xx_hal.d" -MT"Drivers/STM32F2xx_HAL_Driver/Src/stm32f2xx_hal.o" --specs=nano.specs -mfloat-abi=soft -mthumb -o "Drivers/STM32F2xx_HAL_Driver/Src/stm32f2xx_hal.o"
arm-none-eabi-gcc "../Drivers/STM32F2xx_HAL_Driver/Src/stm32f2xx_hal_cortex.c" -mcpu=cortex-m3 -std=gnu11 -g3 -DDEBUG -DUSE_HAL_DRIVER -DSTM32F207xx -c -I../Core/Inc -I../Drivers/STM32F2xx_HAL_Driver/Inc -I../Drivers/STM32F2xx_HAL_Driver/Inc/Legacy -I../Drivers/CMSIS/Device/ST/STM32F2xx/Include -I../Drivers/CMSIS/Include -O3 -ffunction-sections -fdata-sections -Wall -fstack-usage -fcyclomatic-complexity -MMD -MP -MF"Drivers/STM32F2xx_HAL_Driver/Src/stm32f2xx_hal_cortex.d" -MT"Drivers/STM32F2xx_HAL_Driver/Src/stm32f2xx_hal_cortex.o" --specs=nano.specs -mfloat-abi=soft -mthumb -o "Drivers/STM32F2xx_HAL_Driver/Src/stm32f2xx_hal_cortex.o"
arm-none-eabi-gcc "../Drivers/STM32F2xx_HAL_Driver/Src/stm32f2xx_hal_dma.c" -mcpu=cortex-m3 -std=gnu11 -g3 -DDEBUG -DUSE_HAL_DRIVER -DSTM32F207xx -c -I../Core/Inc -I../Drivers/STM32F2xx_HAL_Driver/Inc -I../Drivers/STM32F2xx_HAL_Driver/Inc/Legacy -I../Drivers/CMSIS/Device/ST/STM32F2xx/Include -I../Drivers/CMSIS/Include -O3 -ffunction-sections -fdata-sections -Wall -fstack-usage -fcyclomatic-complexity -MMD -MP -MF"Drivers/STM32F2xx_HAL_Driver/Src/stm32f2xx_hal_dma.d" -MT"Drivers/STM32F2xx_HAL_Driver/Src/stm32f2xx_hal_dma.o" --specs=nano.specs -mfloat-abi=soft -mthumb -o "Drivers/STM32F2xx_HAL_Driver/Src/stm32f2xx_hal_dma.o"
arm-none-eabi-gcc "../Drivers/STM32F2xx_HAL_Driver/Src/stm32f2xx_hal_dma_ex.c" -mcpu=cortex-m3 -std=gnu11 -g3 -DDEBUG -DUSE_HAL_DRIVER -DSTM32F207xx -c -I../Core/Inc -I../Drivers/STM32F2xx_HAL_Driver/Inc -I../Drivers/STM32F2xx_HAL_Driver/Inc/Legacy -I../Drivers/CMSIS/Device/ST/STM32F2xx/Include -I../Drivers/CMSIS/Include -O3 -ffunction-sections -fdata-sections -Wall -fstack-usage -fcyclomatic-complexity -MMD -MP -MF"Drivers/STM32F2xx_HAL_Driver/Src/stm32f2xx_hal_dma_ex.d" -MT"Drivers/STM32F2xx_HAL_Driver/Src/stm32f2xx_hal_dma_ex.o" --specs=nano.specs -mfloat-abi=soft -mthumb -o "Drivers/STM32F2xx_HAL_Driver/Src/stm32f2xx_hal_dma_ex.o"
arm-none-eabi-gcc "../Drivers/STM32F2xx_HAL_Driver/Src/stm32f2xx_hal_exti.c" -mcpu=cortex-m3 -std=gnu11 -g3 -DDEBUG -DUSE_HAL_DRIVER -DSTM32F207xx -c -I../Core/Inc -I../Drivers/STM32F2xx_HAL_Driver/Inc -I../Drivers/STM32F2xx_HAL_Driver/Inc/Legacy -I../Drivers/CMSIS/Device/ST/STM32F2xx/Include -I../Drivers/CMSIS/Include -O3 -ffunction-sections -fdata-sections -Wall -fstack-usage -fcyclomatic-complexity -MMD -MP -MF"Drivers/STM32F2xx_HAL_Driver/Src/stm32f2xx_hal_exti.d" -MT"Drivers/STM32F2xx_HAL_Driver/Src/stm32f2xx_hal_exti.o" --specs=nano.specs -mfloat-abi=soft -mthumb -o "Drivers/STM32F2xx_HAL_Driver/Src/stm32f2xx_hal_exti.o"
arm-none-eabi-gcc "../Drivers/STM32F2xx_HAL_Driver/Src/stm32f2xx_hal_flash.c" -mcpu=cortex-m3 -std=gnu11 -g3 -DDEBUG -DUSE_HAL_DRIVER -DSTM32F207xx -c -I../Core/Inc -I../Drivers/STM32F2xx_HAL_Driver/Inc -I../Drivers/STM32F2xx_HAL_Driver/Inc/Legacy -I../Drivers/CMSIS/Device/ST/STM32F2xx/Include -I../Drivers/CMSIS/Include -O3 -ffunction-sections -fdata-sections -Wall -fstack-usage -fcyclomatic-complexity -MMD -MP -MF"Drivers/STM32F2xx_HAL_Driver/Src/stm32f2xx_hal_flash.d" -MT"Drivers/STM32F2xx_HAL_Driver/Src/stm32f2xx_hal_flash.o" --specs=nano.specs -mfloat-abi=soft -mthumb -o "Drivers/STM32F2xx_HAL_Driver/Src/stm32f2xx_hal_flash.o"
arm-none-eabi-gcc "../Drivers/STM32F2xx_HAL_Driver/Src/stm32f2xx_hal_flash_ex.c" -mcpu=cortex-m3 -std=gnu11 -g3 -DDEBUG -DUSE_HAL_DRIVER -DSTM32F207xx -c -I../Core/Inc -I../Drivers/STM32F2xx_HAL_Driver/Inc -I../Drivers/STM32F2xx_HAL_Driver/Inc/Legacy -I../Drivers/CMSIS/Device/ST/STM32F2xx/Include -I../Drivers/CMSIS/Include -O3 -ffunction-sections -fdata-sections -Wall -fstack-usage -fcyclomatic-complexity -MMD -MP -MF"Drivers/STM32F2xx_HAL_Driver/Src/stm32f2xx_hal_flash_ex.d" -MT"Drivers/STM32F2xx_HAL_Driver/Src/stm32f2xx_hal_flash_ex.o" --specs=nano.specs -mfloat-abi=soft -mthumb -o "Drivers/STM32F2xx_HAL_Driver/Src/stm32f2xx_hal_flash_ex.o"
arm-none-eabi-gcc "../Drivers/STM32F2xx_HAL_Driver/Src/stm32f2xx_hal_gpio.c" -mcpu=cortex-m3 -std=gnu11 -g3 -DDEBUG -DUSE_HAL_DRIVER -DSTM32F207xx -c -I../Core/Inc -I../Drivers/STM32F2xx_HAL_Driver/Inc -I../Drivers/STM32F2xx_HAL_Driver/Inc/Legacy -I../Drivers/CMSIS/Device/ST/STM32F2xx/Include -I../Drivers/CMSIS/Include -O3 -ffunction-sections -fdata-sections -Wall -fstack-usage -fcyclomatic-complexity -MMD -MP -MF"Drivers/STM32F2xx_HAL_Driver/Src/stm32f2xx_hal_gpio.d" -MT"Drivers/STM32F2xx_HAL_Driver/Src/stm32f2xx_hal_gpio.o" --specs=nano.specs -mfloat-abi=soft -mthumb -o "Drivers/STM32F2xx_HAL_Driver/Src/stm32f2xx_hal_gpio.o"
arm-none-eabi-gcc "../Drivers/STM32F2xx_HAL_Driver/Src/stm32f2xx_hal_pwr.c" -mcpu=cortex-m3 -std=gnu11 -g3 -DDEBUG -DUSE_HAL_DRIVER -DSTM32F207xx -c -I../Core/Inc -I../Drivers/STM32F2xx_HAL_Driver/Inc -I../Drivers/STM32F2xx_HAL_Driver/Inc/Legacy -I../Drivers/CMSIS/Device/ST/STM32F2xx/Include -I../Drivers/CMSIS/Include -O3 -ffunction-sections -fdata-sections -Wall -fstack-usage -fcyclomatic-complexity -MMD -MP -MF"Drivers/STM32F2xx_HAL_Driver/Src/stm32f2xx_hal_pwr.d" -MT"Drivers/STM32F2xx_HAL_Driver/Src/stm32f2xx_hal_pwr.o" --specs=nano.specs -mfloat-abi=soft -mthumb -o "Drivers/STM32F2xx_HAL_Driver/Src/stm32f2xx_hal_pwr.o"
arm-none-eabi-gcc "../Drivers/STM32F2xx_HAL_Driver/Src/stm32f2xx_hal_pwr_ex.c" -mcpu=cortex-m3 -std=gnu11 -g3 -DDEBUG -DUSE_HAL_DRIVER -DSTM32F207xx -c -I../Core/Inc -I../Drivers/STM32F2xx_HAL_Driver/Inc -I../Drivers/STM32F2xx_HAL_Driver/Inc/Legacy -I../Drivers/CMSIS/Device/ST/STM32F2xx/Include -I../Drivers/CMSIS/Include -O3 -ffunction-sections -fdata-sections -Wall -fstack-usage -fcyclomatic-complexity -MMD -MP -MF"Drivers/STM32F2xx_HAL_Driver/Src/stm32f2xx_hal_pwr_ex.d" -MT"Drivers/STM32F2xx_HAL_Driver/Src/stm32f2xx_hal_pwr_ex.o" --specs=nano.specs -mfloat-abi=soft -mthumb -o "Drivers/STM32F2xx_HAL_Driver/Src/stm32f2xx_hal_pwr_ex.o"
arm-none-eabi-gcc "../Drivers/STM32F2xx_HAL_Driver/Src/stm32f2xx_hal_rcc.c" -mcpu=cortex-m3 -std=gnu11 -g3 -DDEBUG -DUSE_HAL_DRIVER -DSTM32F207xx -c -I../Core/Inc -I../Drivers/STM32F2xx_HAL_Driver/Inc -I../Drivers/STM32F2xx_HAL_Driver/Inc/Legacy -I../Drivers/CMSIS/Device/ST/STM32F2xx/Include -I../Drivers/CMSIS/Include -O3 -ffunction-sections -fdata-sections -Wall -fstack-usage -fcyclomatic-complexity -MMD -MP -MF"Drivers/STM32F2xx_HAL_Driver/Src/stm32f2xx_hal_rcc.d" -MT"Drivers/STM32F2xx_HAL_Driver/Src/stm32f2xx_hal_rcc.o" --specs=nano.specs -mfloat-abi=soft -mthumb -o "Drivers/STM32F2xx_HAL_Driver/Src/stm32f2xx_hal_rcc.o"
arm-none-eabi-gcc "../Drivers/STM32F2xx_HAL_Driver/Src/stm32f2xx_hal_rcc_ex.c" -mcpu=cortex-m3 -std=gnu11 -g3 -DDEBUG -DUSE_HAL_DRIVER -DSTM32F207xx -c -I../Core/Inc -I../Drivers/STM32F2xx_HAL_Driver/Inc -I../Drivers/STM32F2xx_HAL_Driver/Inc/Legacy -I../Drivers/CMSIS/Device/ST/STM32F2xx/Include -I../Drivers/CMSIS/Include -O3 -ffunction-sections -fdata-sections -Wall -fstack-usage -fcyclomatic-complexity -MMD -MP -MF"Drivers/STM32F2xx_HAL_Driver/Src/stm32f2xx_hal_rcc_ex.d" -MT"Drivers/STM32F2xx_HAL_Driver/Src/stm32f2xx_hal_rcc_ex.o" --specs=nano.specs -mfloat-abi=soft -mthumb -o "Drivers/STM32F2xx_HAL_Driver/Src/stm32f2xx_hal_rcc_ex.o"
arm-none-eabi-gcc -mcpu=cortex-m3 -g3 -DDEBUG -c -x assembler-with-cpp -MMD -MP -MF"Core/Startup/startup_stm32f207vetx.d" -MT"Core/Startup/startup_stm32f207vetx.o" --specs=nano.specs -mfloat-abi=soft -mthumb -o "Core/Startup/startup_stm32f207vetx.o" "../Core/Startup/startup_stm32f207vetx.s"
arm-none-eabi-gcc "../Core/Src/main.c" -mcpu=cortex-m3 -std=gnu11 -g3 -DDEBUG -DUSE_HAL_DRIVER -DSTM32F207xx -c -I../Core/Inc -I../Drivers/STM32F2xx_HAL_Driver/Inc -I../Drivers/STM32F2xx_HAL_Driver/Inc/Legacy -I../Drivers/CMSIS/Device/ST/STM32F2xx/Include -I../Drivers/CMSIS/Include -O3 -ffunction-sections -fdata-sections -Wall -fstack-usage -fcyclomatic-complexity -MMD -MP -MF"Core/Src/main.d" -MT"Core/Src/main.o" --specs=nano.specs -mfloat-abi=soft -mthumb -o "Core/Src/main.o"
arm-none-eabi-gcc "../Core/Src/stm32f2xx_hal_msp.c" -mcpu=cortex-m3 -std=gnu11 -g3 -DDEBUG -DUSE_HAL_DRIVER -DSTM32F207xx -c -I../Core/Inc -I../Drivers/STM32F2xx_HAL_Driver/Inc -I../Drivers/STM32F2xx_HAL_Driver/Inc/Legacy -I../Drivers/CMSIS/Device/ST/STM32F2xx/Include -I../Drivers/CMSIS/Include -O3 -ffunction-sections -fdata-sections -Wall -fstack-usage -fcyclomatic-complexity -MMD -MP -MF"Core/Src/stm32f2xx_hal_msp.d" -MT"Core/Src/stm32f2xx_hal_msp.o" --specs=nano.specs -mfloat-abi=soft -mthumb -o "Core/Src/stm32f2xx_hal_msp.o"
arm-none-eabi-gcc "../Core/Src/stm32f2xx_it.c" -mcpu=cortex-m3 -std=gnu11 -g3 -DDEBUG -DUSE_HAL_DRIVER -DSTM32F207xx -c -I../Core/Inc -I../Drivers/STM32F2xx_HAL_Driver/Inc -I../Drivers/STM32F2xx_HAL_Driver/Inc/Legacy -I../Drivers/CMSIS/Device/ST/STM32F2xx/Include -I../Drivers/CMSIS/Include -O3 -ffunction-sections -fdata-sections -Wall -fstack-usage -fcyclomatic-complexity -MMD -MP -MF"Core/Src/stm32f2xx_it.d" -MT"Core/Src/stm32f2xx_it.o" --specs=nano.specs -mfloat-abi=soft -mthumb -o "Core/Src/stm32f2xx_it.o"
arm-none-eabi-gcc "../Core/Src/syscalls.c" -mcpu=cortex-m3 -std=gnu11 -g3 -DDEBUG -DUSE_HAL_DRIVER -DSTM32F207xx -c -I../Core/Inc -I../Drivers/STM32F2xx_HAL_Driver/Inc -I../Drivers/STM32F2xx_HAL_Driver/Inc/Legacy -I../Drivers/CMSIS/Device/ST/STM32F2xx/Include -I../Drivers/CMSIS/Include -O3 -ffunction-sections -fdata-sections -Wall -fstack-usage -fcyclomatic-complexity -MMD -MP -MF"Core/Src/syscalls.d" -MT"Core/Src/syscalls.o" --specs=nano.specs -mfloat-abi=soft -mthumb -o "Core/Src/syscalls.o"
arm-none-eabi-gcc "../Core/Src/sysmem.c" -mcpu=cortex-m3 -std=gnu11 -g3 -DDEBUG -DUSE_HAL_DRIVER -DSTM32F207xx -c -I../Core/Inc -I../Drivers/STM32F2xx_HAL_Driver/Inc -I../Drivers/STM32F2xx_HAL_Driver/Inc/Legacy -I../Drivers/CMSIS/Device/ST/STM32F2xx/Include -I../Drivers/CMSIS/Include -O3 -ffunction-sections -fdata-sections -Wall -fstack-usage -fcyclomatic-complexity -MMD -MP -MF"Core/Src/sysmem.d" -MT"Core/Src/sysmem.o" --specs=nano.specs -mfloat-abi=soft -mthumb -o "Core/Src/sysmem.o"
arm-none-eabi-gcc "../Core/Src/system_stm32f2xx.c" -mcpu=cortex-m3 -std=gnu11 -g3 -DDEBUG -DUSE_HAL_DRIVER -DSTM32F207xx -c -I../Core/Inc -I../Drivers/STM32F2xx_HAL_Driver/Inc -I../Drivers/STM32F2xx_HAL_Driver/Inc/Legacy -I../Drivers/CMSIS/Device/ST/STM32F2xx/Include -I../Drivers/CMSIS/Include -O3 -ffunction-sections -fdata-sections -Wall -fstack-usage -fcyclomatic-complexity -MMD -MP -MF"Core/Src/system_stm32f2xx.d" -MT"Core/Src/system_stm32f2xx.o" --specs=nano.specs -mfloat-abi=soft -mthumb -o "Core/Src/system_stm32f2xx.o"
arm-none-eabi-gcc -o "Eksploracja_v1.elf" @"objects.list"   -mcpu=cortex-m3 -T"C:\Users\kacpe\OneDrive\Desktop\Projekty wlasne\STM\STM32F207\Eksploracja płytki\Eksploracja_v1\STM32F207VETX_FLASH.ld" --specs=nosys.specs -Wl,-Map="Eksploracja_v1.map" -Wl,--gc-sections -static --specs=nano.specs -mfloat-abi=soft -mthumb -Wl,--start-group -lc -lm -Wl,--end-group
Finished building target: Eksploracja_v1.elf
 
arm-none-eabi-size  Eksploracja_v1.elf 
arm-none-eabi-objdump -h -S Eksploracja_v1.elf  > "Eksploracja_v1.list"
   text	   data	    bss	    dec	    hex	filename
   8520	    104	   1920	  10544	   2930	Eksploracja_v1.elf
Finished building: default.size.stdout
 
Finished building: Eksploracja_v1.list
 
14:02:26 **** Incremental Build of configuration Debug for project Eksploracja_v1 ****
make -j12 all 
arm-none-eabi-size  Eksploracja_v1.elf 
   text	   data	    bss	    dec	    hex	filename
   8520	    104	   1920	  10544	   2930	Eksploracja_v1.elf
Finished building: default.size.stdout
 
