07:40:22 **** Build of configuration Debug for project Eksploracja_v1 ****
make -j12 all 
arm-none-eabi-gcc "../Drivers/STM32F2xx_HAL_Driver/Src/stm32f2xx_hal.c" -mcpu=cortex-m3 -std=gnu11 -g3 -DDEBUG -DUSE_HAL_DRIVER -DSTM32F207xx -c -I../Core/Inc -I../Drivers/STM32F2xx_HAL_Driver/Inc -I../Drivers/STM32F2xx_HAL_Driver/Inc/Legacy -I../Drivers/CMSIS/Device/ST/STM32F2xx/Include -I../Drivers/CMSIS/Include -O0 -ffunction-sections -fdata-sections -Wall -fstack-usage -fcyclomatic-complexity -MMD -MP -MF"Drivers/STM32F2xx_HAL_Driver/Src/stm32f2xx_hal.d" -MT"Drivers/STM32F2xx_HAL_Driver/Src/stm32f2xx_hal.o" --specs=nano.specs -mfloat-abi=soft -mthumb -o "Drivers/STM32F2xx_HAL_Driver/Src/stm32f2xx_hal.o"
arm-none-eabi-gcc "../Drivers/STM32F2xx_HAL_Driver/Src/stm32f2xx_hal_cortex.c" -mcpu=cortex-m3 -std=gnu11 -g3 -DDEBUG -DUSE_HAL_DRIVER -DSTM32F207xx -c -I../Core/Inc -I../Drivers/STM32F2xx_HAL_Driver/Inc -I../Drivers/STM32F2xx_HAL_Driver/Inc/Legacy -I../Drivers/CMSIS/Device/ST/STM32F2xx/Include -I../Drivers/CMSIS/Include -O0 -ffunction-sections -fdata-sections -Wall -fstack-usage -fcyclomatic-complexity -MMD -MP -MF"Drivers/STM32F2xx_HAL_Driver/Src/stm32f2xx_hal_cortex.d" -MT"Drivers/STM32F2xx_HAL_Driver/Src/stm32f2xx_hal_cortex.o" --specs=nano.specs -mfloat-abi=soft -mthumb -o "Drivers/STM32F2xx_HAL_Driver/Src/stm32f2xx_hal_cortex.o"
arm-none-eabi-gcc "../Drivers/STM32F2xx_HAL_Driver/Src/stm32f2xx_hal_dma.c" -mcpu=cortex-m3 -std=gnu11 -g3 -DDEBUG -DUSE_HAL_DRIVER -DSTM32F207xx -c -I../Core/Inc -I../Drivers/STM32F2xx_HAL_Driver/Inc -I../Drivers/STM32F2xx_HAL_Driver/Inc/Legacy -I../Drivers/CMSIS/Device/ST/STM32F2xx/Include -I../Drivers/CMSIS/Include -O0 -ffunction-sections -fdata-sections -Wall -fstack-usage -fcyclomatic-complexity -MMD -MP -MF"Drivers/STM32F2xx_HAL_Driver/Src/stm32f2xx_hal_dma.d" -MT"Drivers/STM32F2xx_HAL_Driver/Src/stm32f2xx_hal_dma.o" --specs=nano.specs -mfloat-abi=soft -mthumb -o "Drivers/STM32F2xx_HAL_Driver/Src/stm32f2xx_hal_dma.o"
arm-none-eabi-gcc "../Drivers/STM32F2xx_HAL_Driver/Src/stm32f2xx_hal_dma_ex.c" -mcpu=cortex-m3 -std=gnu11 -g3 -DDEBUG -DUSE_HAL_DRIVER -DSTM32F207xx -c -I../Core/Inc -I../Drivers/STM32F2xx_HAL_Driver/Inc -I../Drivers/STM32F2xx_HAL_Driver/Inc/Legacy -I../Drivers/CMSIS/Device/ST/STM32F2xx/Include -I../Drivers/CMSIS/Include -O0 -ffunction-sections -fdata-sections -Wall -fstack-usage -fcyclomatic-complexity -MMD -MP -MF"Drivers/STM32F2xx_HAL_Driver/Src/stm32f2xx_hal_dma_ex.d" -MT"Drivers/STM32F2xx_HAL_Driver/Src/stm32f2xx_hal_dma_ex.o" --specs=nano.specs -mfloat-abi=soft -mthumb -o "Drivers/STM32F2xx_HAL_Driver/Src/stm32f2xx_hal_dma_ex.o"
arm-none-eabi-gcc "../Drivers/STM32F2xx_HAL_Driver/Src/stm32f2xx_hal_exti.c" -mcpu=cortex-m3 -std=gnu11 -g3 -DDEBUG -DUSE_HAL_DRIVER -DSTM32F207xx -c -I../Core/Inc -I../Drivers/STM32F2xx_HAL_Driver/Inc -I../Drivers/STM32F2xx_HAL_Driver/Inc/Legacy -I../Drivers/CMSIS/Device/ST/STM32F2xx/Include -I../Drivers/CMSIS/Include -O0 -ffunction-sections -fdata-sections -Wall -fstack-usage -fcyclomatic-complexity -MMD -MP -MF"Drivers/STM32F2xx_HAL_Driver/Src/stm32f2xx_hal_exti.d" -MT"Drivers/STM32F2xx_HAL_Driver/Src/stm32f2xx_hal_exti.o" --specs=nano.specs -mfloat-abi=soft -mthumb -o "Drivers/STM32F2xx_HAL_Driver/Src/stm32f2xx_hal_exti.o"
arm-none-eabi-gcc "../Drivers/STM32F2xx_HAL_Driver/Src/stm32f2xx_hal_flash.c" -mcpu=cortex-m3 -std=gnu11 -g3 -DDEBUG -DUSE_HAL_DRIVER -DSTM32F207xx -c -I../Core/Inc -I../Drivers/STM32F2xx_HAL_Driver/Inc -I../Drivers/STM32F2xx_HAL_Driver/Inc/Legacy -I../Drivers/CMSIS/Device/ST/STM32F2xx/Include -I../Drivers/CMSIS/Include -O0 -ffunction-sections -fdata-sections -Wall -fstack-usage -fcyclomatic-complexity -MMD -MP -MF"Drivers/STM32F2xx_HAL_Driver/Src/stm32f2xx_hal_flash.d" -MT"Drivers/STM32F2xx_HAL_Driver/Src/stm32f2xx_hal_flash.o" --specs=nano.specs -mfloat-abi=soft -mthumb -o "Drivers/STM32F2xx_HAL_Driver/Src/stm32f2xx_hal_flash.o"
arm-none-eabi-gcc "../Drivers/STM32F2xx_HAL_Driver/Src/stm32f2xx_hal_flash_ex.c" -mcpu=cortex-m3 -std=gnu11 -g3 -DDEBUG -DUSE_HAL_DRIVER -DSTM32F207xx -c -I../Core/Inc -I../Drivers/STM32F2xx_HAL_Driver/Inc -I../Drivers/STM32F2xx_HAL_Driver/Inc/Legacy -I../Drivers/CMSIS/Device/ST/STM32F2xx/Include -I../Drivers/CMSIS/Include -O0 -ffunction-sections -fdata-sections -Wall -fstack-usage -fcyclomatic-complexity -MMD -MP -MF"Drivers/STM32F2xx_HAL_Driver/Src/stm32f2xx_hal_flash_ex.d" -MT"Drivers/STM32F2xx_HAL_Driver/Src/stm32f2xx_hal_flash_ex.o" --specs=nano.specs -mfloat-abi=soft -mthumb -o "Drivers/STM32F2xx_HAL_Driver/Src/stm32f2xx_hal_flash_ex.o"
arm-none-eabi-gcc "../Drivers/STM32F2xx_HAL_Driver/Src/stm32f2xx_hal_gpio.c" -mcpu=cortex-m3 -std=gnu11 -g3 -DDEBUG -DUSE_HAL_DRIVER -DSTM32F207xx -c -I../Core/Inc -I../Drivers/STM32F2xx_HAL_Driver/Inc -I../Drivers/STM32F2xx_HAL_Driver/Inc/Legacy -I../Drivers/CMSIS/Device/ST/STM32F2xx/Include -I../Drivers/CMSIS/Include -O0 -ffunction-sections -fdata-sections -Wall -fstack-usage -fcyclomatic-complexity -MMD -MP -MF"Drivers/STM32F2xx_HAL_Driver/Src/stm32f2xx_hal_gpio.d" -MT"Drivers/STM32F2xx_HAL_Driver/Src/stm32f2xx_hal_gpio.o" --specs=nano.specs -mfloat-abi=soft -mthumb -o "Drivers/STM32F2xx_HAL_Driver/Src/stm32f2xx_hal_gpio.o"
arm-none-eabi-gcc "../Drivers/STM32F2xx_HAL_Driver/Src/stm32f2xx_hal_pwr.c" -mcpu=cortex-m3 -std=gnu11 -g3 -DDEBUG -DUSE_HAL_DRIVER -DSTM32F207xx -c -I../Core/Inc -I../Drivers/STM32F2xx_HAL_Driver/Inc -I../Drivers/STM32F2xx_HAL_Driver/Inc/Legacy -I../Drivers/CMSIS/Device/ST/STM32F2xx/Include -I../Drivers/CMSIS/Include -O0 -ffunction-sections -fdata-sections -Wall -fstack-usage -fcyclomatic-complexity -MMD -MP -MF"Drivers/STM32F2xx_HAL_Driver/Src/stm32f2xx_hal_pwr.d" -MT"Drivers/STM32F2xx_HAL_Driver/Src/stm32f2xx_hal_pwr.o" --specs=nano.specs -mfloat-abi=soft -mthumb -o "Drivers/STM32F2xx_HAL_Driver/Src/stm32f2xx_hal_pwr.o"
arm-none-eabi-gcc "../Drivers/STM32F2xx_HAL_Driver/Src/stm32f2xx_hal_pwr_ex.c" -mcpu=cortex-m3 -std=gnu11 -g3 -DDEBUG -DUSE_HAL_DRIVER -DSTM32F207xx -c -I../Core/Inc -I../Drivers/STM32F2xx_HAL_Driver/Inc -I../Drivers/STM32F2xx_HAL_Driver/Inc/Legacy -I../Drivers/CMSIS/Device/ST/STM32F2xx/Include -I../Drivers/CMSIS/Include -O0 -ffunction-sections -fdata-sections -Wall -fstack-usage -fcyclomatic-complexity -MMD -MP -MF"Drivers/STM32F2xx_HAL_Driver/Src/stm32f2xx_hal_pwr_ex.d" -MT"Drivers/STM32F2xx_HAL_Driver/Src/stm32f2xx_hal_pwr_ex.o" --specs=nano.specs -mfloat-abi=soft -mthumb -o "Drivers/STM32F2xx_HAL_Driver/Src/stm32f2xx_hal_pwr_ex.o"
arm-none-eabi-gcc "../Drivers/STM32F2xx_HAL_Driver/Src/stm32f2xx_hal_rcc.c" -mcpu=cortex-m3 -std=gnu11 -g3 -DDEBUG -DUSE_HAL_DRIVER -DSTM32F207xx -c -I../Core/Inc -I../Drivers/STM32F2xx_HAL_Driver/Inc -I../Drivers/STM32F2xx_HAL_Driver/Inc/Legacy -I../Drivers/CMSIS/Device/ST/STM32F2xx/Include -I../Drivers/CMSIS/Include -O0 -ffunction-sections -fdata-sections -Wall -fstack-usage -fcyclomatic-complexity -MMD -MP -MF"Drivers/STM32F2xx_HAL_Driver/Src/stm32f2xx_hal_rcc.d" -MT"Drivers/STM32F2xx_HAL_Driver/Src/stm32f2xx_hal_rcc.o" --specs=nano.specs -mfloat-abi=soft -mthumb -o "Drivers/STM32F2xx_HAL_Driver/Src/stm32f2xx_hal_rcc.o"
arm-none-eabi-gcc "../Drivers/STM32F2xx_HAL_Driver/Src/stm32f2xx_hal_rcc_ex.c" -mcpu=cortex-m3 -std=gnu11 -g3 -DDEBUG -DUSE_HAL_DRIVER -DSTM32F207xx -c -I../Core/Inc -I../Drivers/STM32F2xx_HAL_Driver/Inc -I../Drivers/STM32F2xx_HAL_Driver/Inc/Legacy -I../Drivers/CMSIS/Device/ST/STM32F2xx/Include -I../Drivers/CMSIS/Include -O0 -ffunction-sections -fdata-sections -Wall -fstack-usage -fcyclomatic-complexity -MMD -MP -MF"Drivers/STM32F2xx_HAL_Driver/Src/stm32f2xx_hal_rcc_ex.d" -MT"Drivers/STM32F2xx_HAL_Driver/Src/stm32f2xx_hal_rcc_ex.o" --specs=nano.specs -mfloat-abi=soft -mthumb -o "Drivers/STM32F2xx_HAL_Driver/Src/stm32f2xx_hal_rcc_ex.o"
arm-none-eabi-gcc -mcpu=cortex-m3 -g3 -DDEBUG -c -x assembler-with-cpp -MMD -MP -MF"Core/Startup/startup_stm32f207vetx.d" -MT"Core/Startup/startup_stm32f207vetx.o" --specs=nano.specs -mfloat-abi=soft -mthumb -o "Core/Startup/startup_stm32f207vetx.o" "../Core/Startup/startup_stm32f207vetx.s"
arm-none-eabi-gcc "../Core/Src/main.c" -mcpu=cortex-m3 -std=gnu11 -g3 -DDEBUG -DUSE_HAL_DRIVER -DSTM32F207xx -c -I../Core/Inc -I../Drivers/STM32F2xx_HAL_Driver/Inc -I../Drivers/STM32F2xx_HAL_Driver/Inc/Legacy -I../Drivers/CMSIS/Device/ST/STM32F2xx/Include -I../Drivers/CMSIS/Include -O0 -ffunction-sections -fdata-sections -Wall -fstack-usage -fcyclomatic-complexity -MMD -MP -MF"Core/Src/main.d" -MT"Core/Src/main.o" --specs=nano.specs -mfloat-abi=soft -mthumb -o "Core/Src/main.o"
arm-none-eabi-gcc "../Core/Src/stm32f2xx_hal_msp.c" -mcpu=cortex-m3 -std=gnu11 -g3 -DDEBUG -DUSE_HAL_DRIVER -DSTM32F207xx -c -I../Core/Inc -I../Drivers/STM32F2xx_HAL_Driver/Inc -I../Drivers/STM32F2xx_HAL_Driver/Inc/Legacy -I../Drivers/CMSIS/Device/ST/STM32F2xx/Include -I../Drivers/CMSIS/Include -O0 -ffunction-sections -fdata-sections -Wall -fstack-usage -fcyclomatic-complexity -MMD -MP -MF"Core/Src/stm32f2xx_hal_msp.d" -MT"Core/Src/stm32f2xx_hal_msp.o" --specs=nano.specs -mfloat-abi=soft -mthumb -o "Core/Src/stm32f2xx_hal_msp.o"
arm-none-eabi-gcc "../Core/Src/stm32f2xx_it.c" -mcpu=cortex-m3 -std=gnu11 -g3 -DDEBUG -DUSE_HAL_DRIVER -DSTM32F207xx -c -I../Core/Inc -I../Drivers/STM32F2xx_HAL_Driver/Inc -I../Drivers/STM32F2xx_HAL_Driver/Inc/Legacy -I../Drivers/CMSIS/Device/ST/STM32F2xx/Include -I../Drivers/CMSIS/Include -O0 -ffunction-sections -fdata-sections -Wall -fstack-usage -fcyclomatic-complexity -MMD -MP -MF"Core/Src/stm32f2xx_it.d" -MT"Core/Src/stm32f2xx_it.o" --specs=nano.specs -mfloat-abi=soft -mthumb -o "Core/Src/stm32f2xx_it.o"
arm-none-eabi-gcc "../Core/Src/syscalls.c" -mcpu=cortex-m3 -std=gnu11 -g3 -DDEBUG -DUSE_HAL_DRIVER -DSTM32F207xx -c -I../Core/Inc -I../Drivers/STM32F2xx_HAL_Driver/Inc -I../Drivers/STM32F2xx_HAL_Driver/Inc/Legacy -I../Drivers/CMSIS/Device/ST/STM32F2xx/Include -I../Drivers/CMSIS/Include -O0 -ffunction-sections -fdata-sections -Wall -fstack-usage -fcyclomatic-complexity -MMD -MP -MF"Core/Src/syscalls.d" -MT"Core/Src/syscalls.o" --specs=nano.specs -mfloat-abi=soft -mthumb -o "Core/Src/syscalls.o"
arm-none-eabi-gcc "../Core/Src/sysmem.c" -mcpu=cortex-m3 -std=gnu11 -g3 -DDEBUG -DUSE_HAL_DRIVER -DSTM32F207xx -c -I../Core/Inc -I../Drivers/STM32F2xx_HAL_Driver/Inc -I../Drivers/STM32F2xx_HAL_Driver/Inc/Legacy -I../Drivers/CMSIS/Device/ST/STM32F2xx/Include -I../Drivers/CMSIS/Include -O0 -ffunction-sections -fdata-sections -Wall -fstack-usage -fcyclomatic-complexity -MMD -MP -MF"Core/Src/sysmem.d" -MT"Core/Src/sysmem.o" --specs=nano.specs -mfloat-abi=soft -mthumb -o "Core/Src/sysmem.o"
arm-none-eabi-gcc "../Core/Src/system_stm32f2xx.c" -mcpu=cortex-m3 -std=gnu11 -g3 -DDEBUG -DUSE_HAL_DRIVER -DSTM32F207xx -c -I../Core/Inc -I../Drivers/STM32F2xx_HAL_Driver/Inc -I../Drivers/STM32F2xx_HAL_Driver/Inc/Legacy -I../Drivers/CMSIS/Device/ST/STM32F2xx/Include -I../Drivers/CMSIS/Include -O0 -ffunction-sections -fdata-sections -Wall -fstack-usage -fcyclomatic-complexity -MMD -MP -MF"Core/Src/system_stm32f2xx.d" -MT"Core/Src/system_stm32f2xx.o" --specs=nano.specs -mfloat-abi=soft -mthumb -o "Core/Src/system_stm32f2xx.o"
arm-none-eabi-gcc -o "Eksploracja_v1.elf" @"objects.list"   -mcpu=cortex-m3 -T"C:\Users\kacpe\OneDrive\Desktop\Projekty wlasne\STM\STM32F207\Eksploracja płytki\Eksploracja_v1\STM32F207VETX_FLASH.ld" --specs=nosys.specs -Wl,-Map="Eksploracja_v1.map" -Wl,--gc-sections -static --specs=nano.specs -mfloat-abi=soft -mthumb -Wl,--start-group -lc -lm -Wl,--end-group
Finished building target: Eksploracja_v1.elf
 
arm-none-eabi-size  Eksploracja_v1.elf 
arm-none-eabi-objdump -h -S Eksploracja_v1.elf  > "Eksploracja_v1.list"
   text	   data	    bss	    dec	    hex	filename
   4560	     12	   1572	   6144	   1800	Eksploracja_v1.elf
Finished building: default.size.stdout
 
Finished building: Eksploracja_v1.list
 
07:43:05 **** Incremental Build of configuration Debug for project Eksploracja_v1 ****
make -j12 all 
arm-none-eabi-size  Eksploracja_v1.elf 
   text	   data	    bss	    dec	    hex	filename
   4560	     12	   1572	   6144	   1800	Eksploracja_v1.elf
Finished building: default.size.stdout
 
08:36:10 **** Incremental Build of configuration Debug for project Eksploracja_v1 ****
make -j12 all 
arm-none-eabi-gcc "../Drivers/STM32F2xx_HAL_Driver/Src/stm32f2xx_hal.c" -mcpu=cortex-m3 -std=gnu11 -g3 -DDEBUG -DUSE_HAL_DRIVER -DSTM32F207xx -c -I../Core/Inc -I../Drivers/STM32F2xx_HAL_Driver/Inc -I../Drivers/STM32F2xx_HAL_Driver/Inc/Legacy -I../Drivers/CMSIS/Device/ST/STM32F2xx/Include -I../Drivers/CMSIS/Include -O0 -ffunction-sections -fdata-sections -Wall -fstack-usage -fcyclomatic-complexity -MMD -MP -MF"Drivers/STM32F2xx_HAL_Driver/Src/stm32f2xx_hal.d" -MT"Drivers/STM32F2xx_HAL_Driver/Src/stm32f2xx_hal.o" --specs=nano.specs -mfloat-abi=soft -mthumb -o "Drivers/STM32F2xx_HAL_Driver/Src/stm32f2xx_hal.o"
arm-none-eabi-gcc "../Drivers/STM32F2xx_HAL_Driver/Src/stm32f2xx_hal_cortex.c" -mcpu=cortex-m3 -std=gnu11 -g3 -DDEBUG -DUSE_HAL_DRIVER -DSTM32F207xx -c -I../Core/Inc -I../Drivers/STM32F2xx_HAL_Driver/Inc -I../Drivers/STM32F2xx_HAL_Driver/Inc/Legacy -I../Drivers/CMSIS/Device/ST/STM32F2xx/Include -I../Drivers/CMSIS/Include -O0 -ffunction-sections -fdata-sections -Wall -fstack-usage -fcyclomatic-complexity -MMD -MP -MF"Drivers/STM32F2xx_HAL_Driver/Src/stm32f2xx_hal_cortex.d" -MT"Drivers/STM32F2xx_HAL_Driver/Src/stm32f2xx_hal_cortex.o" --specs=nano.specs -mfloat-abi=soft -mthumb -o "Drivers/STM32F2xx_HAL_Driver/Src/stm32f2xx_hal_cortex.o"
arm-none-eabi-gcc "../Drivers/STM32F2xx_HAL_Driver/Src/stm32f2xx_hal_dma.c" -mcpu=cortex-m3 -std=gnu11 -g3 -DDEBUG -DUSE_HAL_DRIVER -DSTM32F207xx -c -I../Core/Inc -I../Drivers/STM32F2xx_HAL_Driver/Inc -I../Drivers/STM32F2xx_HAL_Driver/Inc/Legacy -I../Drivers/CMSIS/Device/ST/STM32F2xx/Include -I../Drivers/CMSIS/Include -O0 -ffunction-sections -fdata-sections -Wall -fstack-usage -fcyclomatic-complexity -MMD -MP -MF"Drivers/STM32F2xx_HAL_Driver/Src/stm32f2xx_hal_dma.d" -MT"Drivers/STM32F2xx_HAL_Driver/Src/stm32f2xx_hal_dma.o" --specs=nano.specs -mfloat-abi=soft -mthumb -o "Drivers/STM32F2xx_HAL_Driver/Src/stm32f2xx_hal_dma.o"
arm-none-eabi-gcc "../Drivers/STM32F2xx_HAL_Driver/Src/stm32f2xx_hal_dma_ex.c" -mcpu=cortex-m3 -std=gnu11 -g3 -DDEBUG -DUSE_HAL_DRIVER -DSTM32F207xx -c -I../Core/Inc -I../Drivers/STM32F2xx_HAL_Driver/Inc -I../Drivers/STM32F2xx_HAL_Driver/Inc/Legacy -I../Drivers/CMSIS/Device/ST/STM32F2xx/Include -I../Drivers/CMSIS/Include -O0 -ffunction-sections -fdata-sections -Wall -fstack-usage -fcyclomatic-complexity -MMD -MP -MF"Drivers/STM32F2xx_HAL_Driver/Src/stm32f2xx_hal_dma_ex.d" -MT"Drivers/STM32F2xx_HAL_Driver/Src/stm32f2xx_hal_dma_ex.o" --specs=nano.specs -mfloat-abi=soft -mthumb -o "Drivers/STM32F2xx_HAL_Driver/Src/stm32f2xx_hal_dma_ex.o"
arm-none-eabi-gcc "../Drivers/STM32F2xx_HAL_Driver/Src/stm32f2xx_hal_exti.c" -mcpu=cortex-m3 -std=gnu11 -g3 -DDEBUG -DUSE_HAL_DRIVER -DSTM32F207xx -c -I../Core/Inc -I../Drivers/STM32F2xx_HAL_Driver/Inc -I../Drivers/STM32F2xx_HAL_Driver/Inc/Legacy -I../Drivers/CMSIS/Device/ST/STM32F2xx/Include -I../Drivers/CMSIS/Include -O0 -ffunction-sections -fdata-sections -Wall -fstack-usage -fcyclomatic-complexity -MMD -MP -MF"Drivers/STM32F2xx_HAL_Driver/Src/stm32f2xx_hal_exti.d" -MT"Drivers/STM32F2xx_HAL_Driver/Src/stm32f2xx_hal_exti.o" --specs=nano.specs -mfloat-abi=soft -mthumb -o "Drivers/STM32F2xx_HAL_Driver/Src/stm32f2xx_hal_exti.o"
arm-none-eabi-gcc "../Drivers/STM32F2xx_HAL_Driver/Src/stm32f2xx_hal_flash.c" -mcpu=cortex-m3 -std=gnu11 -g3 -DDEBUG -DUSE_HAL_DRIVER -DSTM32F207xx -c -I../Core/Inc -I../Drivers/STM32F2xx_HAL_Driver/Inc -I../Drivers/STM32F2xx_HAL_Driver/Inc/Legacy -I../Drivers/CMSIS/Device/ST/STM32F2xx/Include -I../Drivers/CMSIS/Include -O0 -ffunction-sections -fdata-sections -Wall -fstack-usage -fcyclomatic-complexity -MMD -MP -MF"Drivers/STM32F2xx_HAL_Driver/Src/stm32f2xx_hal_flash.d" -MT"Drivers/STM32F2xx_HAL_Driver/Src/stm32f2xx_hal_flash.o" --specs=nano.specs -mfloat-abi=soft -mthumb -o "Drivers/STM32F2xx_HAL_Driver/Src/stm32f2xx_hal_flash.o"
arm-none-eabi-gcc "../Drivers/STM32F2xx_HAL_Driver/Src/stm32f2xx_hal_flash_ex.c" -mcpu=cortex-m3 -std=gnu11 -g3 -DDEBUG -DUSE_HAL_DRIVER -DSTM32F207xx -c -I../Core/Inc -I../Drivers/STM32F2xx_HAL_Driver/Inc -I../Drivers/STM32F2xx_HAL_Driver/Inc/Legacy -I../Drivers/CMSIS/Device/ST/STM32F2xx/Include -I../Drivers/CMSIS/Include -O0 -ffunction-sections -fdata-sections -Wall -fstack-usage -fcyclomatic-complexity -MMD -MP -MF"Drivers/STM32F2xx_HAL_Driver/Src/stm32f2xx_hal_flash_ex.d" -MT"Drivers/STM32F2xx_HAL_Driver/Src/stm32f2xx_hal_flash_ex.o" --specs=nano.specs -mfloat-abi=soft -mthumb -o "Drivers/STM32F2xx_HAL_Driver/Src/stm32f2xx_hal_flash_ex.o"
arm-none-eabi-gcc "../Drivers/STM32F2xx_HAL_Driver/Src/stm32f2xx_hal_gpio.c" -mcpu=cortex-m3 -std=gnu11 -g3 -DDEBUG -DUSE_HAL_DRIVER -DSTM32F207xx -c -I../Core/Inc -I../Drivers/STM32F2xx_HAL_Driver/Inc -I../Drivers/STM32F2xx_HAL_Driver/Inc/Legacy -I../Drivers/CMSIS/Device/ST/STM32F2xx/Include -I../Drivers/CMSIS/Include -O0 -ffunction-sections -fdata-sections -Wall -fstack-usage -fcyclomatic-complexity -MMD -MP -MF"Drivers/STM32F2xx_HAL_Driver/Src/stm32f2xx_hal_gpio.d" -MT"Drivers/STM32F2xx_HAL_Driver/Src/stm32f2xx_hal_gpio.o" --specs=nano.specs -mfloat-abi=soft -mthumb -o "Drivers/STM32F2xx_HAL_Driver/Src/stm32f2xx_hal_gpio.o"
arm-none-eabi-gcc "../Drivers/STM32F2xx_HAL_Driver/Src/stm32f2xx_hal_pwr.c" -mcpu=cortex-m3 -std=gnu11 -g3 -DDEBUG -DUSE_HAL_DRIVER -DSTM32F207xx -c -I../Core/Inc -I../Drivers/STM32F2xx_HAL_Driver/Inc -I../Drivers/STM32F2xx_HAL_Driver/Inc/Legacy -I../Drivers/CMSIS/Device/ST/STM32F2xx/Include -I../Drivers/CMSIS/Include -O0 -ffunction-sections -fdata-sections -Wall -fstack-usage -fcyclomatic-complexity -MMD -MP -MF"Drivers/STM32F2xx_HAL_Driver/Src/stm32f2xx_hal_pwr.d" -MT"Drivers/STM32F2xx_HAL_Driver/Src/stm32f2xx_hal_pwr.o" --specs=nano.specs -mfloat-abi=soft -mthumb -o "Drivers/STM32F2xx_HAL_Driver/Src/stm32f2xx_hal_pwr.o"
arm-none-eabi-gcc "../Drivers/STM32F2xx_HAL_Driver/Src/stm32f2xx_hal_pwr_ex.c" -mcpu=cortex-m3 -std=gnu11 -g3 -DDEBUG -DUSE_HAL_DRIVER -DSTM32F207xx -c -I../Core/Inc -I../Drivers/STM32F2xx_HAL_Driver/Inc -I../Drivers/STM32F2xx_HAL_Driver/Inc/Legacy -I../Drivers/CMSIS/Device/ST/STM32F2xx/Include -I../Drivers/CMSIS/Include -O0 -ffunction-sections -fdata-sections -Wall -fstack-usage -fcyclomatic-complexity -MMD -MP -MF"Drivers/STM32F2xx_HAL_Driver/Src/stm32f2xx_hal_pwr_ex.d" -MT"Drivers/STM32F2xx_HAL_Driver/Src/stm32f2xx_hal_pwr_ex.o" --specs=nano.specs -mfloat-abi=soft -mthumb -o "Drivers/STM32F2xx_HAL_Driver/Src/stm32f2xx_hal_pwr_ex.o"
arm-none-eabi-gcc "../Drivers/STM32F2xx_HAL_Driver/Src/stm32f2xx_hal_rcc.c" -mcpu=cortex-m3 -std=gnu11 -g3 -DDEBUG -DUSE_HAL_DRIVER -DSTM32F207xx -c -I../Core/Inc -I../Drivers/STM32F2xx_HAL_Driver/Inc -I../Drivers/STM32F2xx_HAL_Driver/Inc/Legacy -I../Drivers/CMSIS/Device/ST/STM32F2xx/Include -I../Drivers/CMSIS/Include -O0 -ffunction-sections -fdata-sections -Wall -fstack-usage -fcyclomatic-complexity -MMD -MP -MF"Drivers/STM32F2xx_HAL_Driver/Src/stm32f2xx_hal_rcc.d" -MT"Drivers/STM32F2xx_HAL_Driver/Src/stm32f2xx_hal_rcc.o" --specs=nano.specs -mfloat-abi=soft -mthumb -o "Drivers/STM32F2xx_HAL_Driver/Src/stm32f2xx_hal_rcc.o"
arm-none-eabi-gcc "../Drivers/STM32F2xx_HAL_Driver/Src/stm32f2xx_hal_rcc_ex.c" -mcpu=cortex-m3 -std=gnu11 -g3 -DDEBUG -DUSE_HAL_DRIVER -DSTM32F207xx -c -I../Core/Inc -I../Drivers/STM32F2xx_HAL_Driver/Inc -I../Drivers/STM32F2xx_HAL_Driver/Inc/Legacy -I../Drivers/CMSIS/Device/ST/STM32F2xx/Include -I../Drivers/CMSIS/Include -O0 -ffunction-sections -fdata-sections -Wall -fstack-usage -fcyclomatic-complexity -MMD -MP -MF"Drivers/STM32F2xx_HAL_Driver/Src/stm32f2xx_hal_rcc_ex.d" -MT"Drivers/STM32F2xx_HAL_Driver/Src/stm32f2xx_hal_rcc_ex.o" --specs=nano.specs -mfloat-abi=soft -mthumb -o "Drivers/STM32F2xx_HAL_Driver/Src/stm32f2xx_hal_rcc_ex.o"
arm-none-eabi-gcc "../Core/Src/main.c" -mcpu=cortex-m3 -std=gnu11 -g3 -DDEBUG -DUSE_HAL_DRIVER -DSTM32F207xx -c -I../Core/Inc -I../Drivers/STM32F2xx_HAL_Driver/Inc -I../Drivers/STM32F2xx_HAL_Driver/Inc/Legacy -I../Drivers/CMSIS/Device/ST/STM32F2xx/Include -I../Drivers/CMSIS/Include -O0 -ffunction-sections -fdata-sections -Wall -fstack-usage -fcyclomatic-complexity -MMD -MP -MF"Core/Src/main.d" -MT"Core/Src/main.o" --specs=nano.specs -mfloat-abi=soft -mthumb -o "Core/Src/main.o"
arm-none-eabi-gcc "../Core/Src/stm32f2xx_hal_msp.c" -mcpu=cortex-m3 -std=gnu11 -g3 -DDEBUG -DUSE_HAL_DRIVER -DSTM32F207xx -c -I../Core/Inc -I../Drivers/STM32F2xx_HAL_Driver/Inc -I../Drivers/STM32F2xx_HAL_Driver/Inc/Legacy -I../Drivers/CMSIS/Device/ST/STM32F2xx/Include -I../Drivers/CMSIS/Include -O0 -ffunction-sections -fdata-sections -Wall -fstack-usage -fcyclomatic-complexity -MMD -MP -MF"Core/Src/stm32f2xx_hal_msp.d" -MT"Core/Src/stm32f2xx_hal_msp.o" --specs=nano.specs -mfloat-abi=soft -mthumb -o "Core/Src/stm32f2xx_hal_msp.o"
arm-none-eabi-gcc "../Core/Src/stm32f2xx_it.c" -mcpu=cortex-m3 -std=gnu11 -g3 -DDEBUG -DUSE_HAL_DRIVER -DSTM32F207xx -c -I../Core/Inc -I../Drivers/STM32F2xx_HAL_Driver/Inc -I../Drivers/STM32F2xx_HAL_Driver/Inc/Legacy -I../Drivers/CMSIS/Device/ST/STM32F2xx/Include -I../Drivers/CMSIS/Include -O0 -ffunction-sections -fdata-sections -Wall -fstack-usage -fcyclomatic-complexity -MMD -MP -MF"Core/Src/stm32f2xx_it.d" -MT"Core/Src/stm32f2xx_it.o" --specs=nano.specs -mfloat-abi=soft -mthumb -o "Core/Src/stm32f2xx_it.o"
arm-none-eabi-gcc "../Core/Src/system_stm32f2xx.c" -mcpu=cortex-m3 -std=gnu11 -g3 -DDEBUG -DUSE_HAL_DRIVER -DSTM32F207xx -c -I../Core/Inc -I../Drivers/STM32F2xx_HAL_Driver/Inc -I../Drivers/STM32F2xx_HAL_Driver/Inc/Legacy -I../Drivers/CMSIS/Device/ST/STM32F2xx/Include -I../Drivers/CMSIS/Include -O0 -ffunction-sections -fdata-sections -Wall -fstack-usage -fcyclomatic-complexity -MMD -MP -MF"Core/Src/system_stm32f2xx.d" -MT"Core/Src/system_stm32f2xx.o" --specs=nano.specs -mfloat-abi=soft -mthumb -o "Core/Src/system_stm32f2xx.o"
arm-none-eabi-gcc -o "Eksploracja_v1.elf" @"objects.list"   -mcpu=cortex-m3 -T"C:\Users\kacpe\OneDrive\Desktop\Projekty wlasne\STM\STM32F207\Eksploracja płytki\Eksploracja_v1\STM32F207VETX_FLASH.ld" --specs=nosys.specs -Wl,-Map="Eksploracja_v1.map" -Wl,--gc-sections -static --specs=nano.specs -mfloat-abi=soft -mthumb -Wl,--start-group -lc -lm -Wl,--end-group
Finished building target: Eksploracja_v1.elf
 
arm-none-eabi-size  Eksploracja_v1.elf 
arm-none-eabi-objdump -h -S Eksploracja_v1.elf  > "Eksploracja_v1.list"
   text	   data	    bss	    dec	    hex	filename
   5732	     12	   1572	   7316	   1c94	Eksploracja_v1.elf
Finished building: default.size.stdout
 
Finished building: Eksploracja_v1.list
 
12:02:33 **** Incremental Build of configuration Debug for project Eksploracja_v1 ****
make -j12 all 
arm-none-eabi-gcc "../Core/Src/main.c" -mcpu=cortex-m3 -std=gnu11 -g3 -DDEBUG -DUSE_HAL_DRIVER -DSTM32F207xx -c -I../Core/Inc -I../Drivers/STM32F2xx_HAL_Driver/Inc -I../Drivers/STM32F2xx_HAL_Driver/Inc/Legacy -I../Drivers/CMSIS/Device/ST/STM32F2xx/Include -I../Drivers/CMSIS/Include -O0 -ffunction-sections -fdata-sections -Wall -fstack-usage -fcyclomatic-complexity -MMD -MP -MF"Core/Src/main.d" -MT"Core/Src/main.o" --specs=nano.specs -mfloat-abi=soft -mthumb -o "Core/Src/main.o"
arm-none-eabi-gcc -o "Eksploracja_v1.elf" @"objects.list"   -mcpu=cortex-m3 -T"C:\Users\kacpe\OneDrive\Desktop\Projekty wlasne\STM\STM32F207\Eksploracja płytki\Eksploracja_v1\STM32F207VETX_FLASH.ld" --specs=nosys.specs -Wl,-Map="Eksploracja_v1.map" -Wl,--gc-sections -static --specs=nano.specs -mfloat-abi=soft -mthumb -Wl,--start-group -lc -lm -Wl,--end-group
Finished building target: Eksploracja_v1.elf
 
arm-none-eabi-size  Eksploracja_v1.elf 
arm-none-eabi-objdump -h -S Eksploracja_v1.elf  > "Eksploracja_v1.list"
   text	   data	    bss	    dec	    hex	filename
   5820	     12	   1572	   7404	   1cec	Eksploracja_v1.elf
Finished building: default.size.stdout
 
Finished building: Eksploracja_v1.list
 
12:02:39 **** Incremental Build of configuration Debug for project Eksploracja_v1 ****
make -j12 all 
arm-none-eabi-size  Eksploracja_v1.elf 
   text	   data	    bss	    dec	    hex	filename
   5820	     12	   1572	   7404	   1cec	Eksploracja_v1.elf
Finished building: default.size.stdout
 
12:06:53 **** Incremental Build of configuration Debug for project Eksploracja_v1 ****
make -j12 all 
arm-none-eabi-gcc "../Core/Src/main.c" -mcpu=cortex-m3 -std=gnu11 -g3 -DDEBUG -DUSE_HAL_DRIVER -DSTM32F207xx -c -I../Core/Inc -I../Drivers/STM32F2xx_HAL_Driver/Inc -I../Drivers/STM32F2xx_HAL_Driver/Inc/Legacy -I../Drivers/CMSIS/Device/ST/STM32F2xx/Include -I../Drivers/CMSIS/Include -O0 -ffunction-sections -fdata-sections -Wall -fstack-usage -fcyclomatic-complexity -MMD -MP -MF"Core/Src/main.d" -MT"Core/Src/main.o" --specs=nano.specs -mfloat-abi=soft -mthumb -o "Core/Src/main.o"
../Core/Src/main.c: In function 'main':
../Core/Src/main.c:98:25: error: expected ';' before '}' token
   98 |           HAL_Delay(500)
      |                         ^
      |                         ;
......
  102 |   }
      |   ~                      
make: *** [Core/Src/subdir.mk:34: Core/Src/main.o] Error 1
"make -j12 all" terminated with exit code 2. Build might be incomplete.
12:06:58 **** Incremental Build of configuration Debug for project Eksploracja_v1 ****
make -j12 all 
arm-none-eabi-gcc "../Core/Src/main.c" -mcpu=cortex-m3 -std=gnu11 -g3 -DDEBUG -DUSE_HAL_DRIVER -DSTM32F207xx -c -I../Core/Inc -I../Drivers/STM32F2xx_HAL_Driver/Inc -I../Drivers/STM32F2xx_HAL_Driver/Inc/Legacy -I../Drivers/CMSIS/Device/ST/STM32F2xx/Include -I../Drivers/CMSIS/Include -O0 -ffunction-sections -fdata-sections -Wall -fstack-usage -fcyclomatic-complexity -MMD -MP -MF"Core/Src/main.d" -MT"Core/Src/main.o" --specs=nano.specs -mfloat-abi=soft -mthumb -o "Core/Src/main.o"
arm-none-eabi-gcc -o "Eksploracja_v1.elf" @"objects.list"   -mcpu=cortex-m3 -T"C:\Users\kacpe\OneDrive\Desktop\Projekty wlasne\STM\STM32F207\Eksploracja płytki\Eksploracja_v1\STM32F207VETX_FLASH.ld" --specs=nosys.specs -Wl,-Map="Eksploracja_v1.map" -Wl,--gc-sections -static --specs=nano.specs -mfloat-abi=soft -mthumb -Wl,--start-group -lc -lm -Wl,--end-group
Finished building target: Eksploracja_v1.elf
 
arm-none-eabi-size  Eksploracja_v1.elf 
arm-none-eabi-objdump -h -S Eksploracja_v1.elf  > "Eksploracja_v1.list"
   text	   data	    bss	    dec	    hex	filename
   5876	     12	   1572	   7460	   1d24	Eksploracja_v1.elf
Finished building: default.size.stdout
 
Finished building: Eksploracja_v1.list
 
12:07:08 **** Incremental Build of configuration Debug for project Eksploracja_v1 ****
make -j12 all 
arm-none-eabi-size  Eksploracja_v1.elf 
   text	   data	    bss	    dec	    hex	filename
   5876	     12	   1572	   7460	   1d24	Eksploracja_v1.elf
Finished building: default.size.stdout
 
12:48:21 **** Incremental Build of configuration Debug for project Eksploracja_v1 ****
make -j12 all 
arm-none-eabi-gcc "../Core/Src/main.c" -mcpu=cortex-m3 -std=gnu11 -g3 -DDEBUG -DUSE_HAL_DRIVER -DSTM32F207xx -c -I../Core/Inc -I../Drivers/STM32F2xx_HAL_Driver/Inc -I../Drivers/STM32F2xx_HAL_Driver/Inc/Legacy -I../Drivers/CMSIS/Device/ST/STM32F2xx/Include -I../Drivers/CMSIS/Include -O0 -ffunction-sections -fdata-sections -Wall -fstack-usage -fcyclomatic-complexity -MMD -MP -MF"Core/Src/main.d" -MT"Core/Src/main.o" --specs=nano.specs -mfloat-abi=soft -mthumb -o "Core/Src/main.o"
In file included from ../Core/Src/main.c:24:
../Drivers/CMSIS/Include/core_cm4.h:71: warning: "__CORTEX_M" redefined
   71 | #define __CORTEX_M                (4U)                                   /*!< Cortex-M Core */
      | 
In file included from ../Drivers/CMSIS/Device/ST/STM32F2xx/Include/stm32f207xx.h:163,
                 from ../Drivers/CMSIS/Device/ST/STM32F2xx/Include/stm32f2xx.h:107,
                 from ../Drivers/STM32F2xx_HAL_Driver/Inc/stm32f2xx_hal_def.h:30,
                 from ../Drivers/STM32F2xx_HAL_Driver/Inc/stm32f2xx_hal_rcc.h:27,
                 from ../Core/Inc/stm32f2xx_hal_conf.h:246,
                 from ../Drivers/STM32F2xx_HAL_Driver/Inc/stm32f2xx_hal.h:29,
                 from ../Core/Inc/main.h:30,
                 from ../Core/Src/main.c:20:
../Drivers/CMSIS/Include/core_cm3.h:71: note: this is the location of the previous definition
   71 | #define __CORTEX_M                (3U)                                   /*!< Cortex-M Core */
      | 
../Drivers/CMSIS/Include/core_cm4.h:273:3: error: conflicting types for 'APSR_Type'; have 'union <anonymous>'
  273 | } APSR_Type;
      |   ^~~~~~~~~
../Drivers/CMSIS/Include/core_cm3.h:218:3: note: previous declaration of 'APSR_Type' with type 'APSR_Type'
  218 | } APSR_Type;
      |   ^~~~~~~~~
../Drivers/CMSIS/Include/core_cm4.h:306:3: error: conflicting types for 'IPSR_Type'; have 'union <anonymous>'
  306 | } IPSR_Type;
      |   ^~~~~~~~~
../Drivers/CMSIS/Include/core_cm3.h:248:3: note: previous declaration of 'IPSR_Type' with type 'IPSR_Type'
  248 | } IPSR_Type;
      |   ^~~~~~~~~
../Drivers/CMSIS/Include/core_cm4.h:334:3: error: conflicting types for 'xPSR_Type'; have 'union <anonymous>'
  334 | } xPSR_Type;
      |   ^~~~~~~~~
../Drivers/CMSIS/Include/core_cm3.h:275:3: note: previous declaration of 'xPSR_Type' with type 'xPSR_Type'
  275 | } xPSR_Type;
      |   ^~~~~~~~~
../Drivers/CMSIS/Include/core_cm4.h:381:3: error: conflicting types for 'CONTROL_Type'; have 'union <anonymous>'
  381 | } CONTROL_Type;
      |   ^~~~~~~~~~~~
../Drivers/CMSIS/Include/core_cm3.h:318:3: note: previous declaration of 'CONTROL_Type' with type 'CONTROL_Type'
  318 | } CONTROL_Type;
      |   ^~~~~~~~~~~~
../Drivers/CMSIS/Include/core_cm4.h:421:4: error: conflicting types for 'NVIC_Type'; have 'struct <anonymous>'
  421 | }  NVIC_Type;
      |    ^~~~~~~~~
../Drivers/CMSIS/Include/core_cm3.h:355:4: note: previous declaration of 'NVIC_Type' with type 'NVIC_Type'
  355 | }  NVIC_Type;
      |    ^~~~~~~~~
../Drivers/CMSIS/Include/core_cm4.h:463:3: error: conflicting types for 'SCB_Type'; have 'struct <anonymous>'
  463 | } SCB_Type;
      |   ^~~~~~~~
../Drivers/CMSIS/Include/core_cm3.h:397:3: note: previous declaration of 'SCB_Type' with type 'SCB_Type'
  397 | } SCB_Type;
      |   ^~~~~~~~
../Drivers/CMSIS/Include/core_cm4.h:514: warning: "SCB_VTOR_TBLOFF_Msk" redefined
  514 | #define SCB_VTOR_TBLOFF_Msk                (0x1FFFFFFUL << SCB_VTOR_TBLOFF_Pos)           /*!< SCB VTOR: TBLOFF Mask */
      | 
../Drivers/CMSIS/Include/core_cm3.h:452: note: this is the location of the previous definition
  452 | #define SCB_VTOR_TBLOFF_Msk                (0x3FFFFFUL << SCB_VTOR_TBLOFF_Pos)            /*!< SCB VTOR: TBLOFF Mask */
      | 
../Drivers/CMSIS/Include/core_cm4.h:724:3: error: conflicting types for 'SCnSCB_Type'; have 'struct <anonymous>'
  724 | } SCnSCB_Type;
      |   ^~~~~~~~~~~
../Drivers/CMSIS/Include/core_cm3.h:664:3: note: previous declaration of 'SCnSCB_Type' with type 'SCnSCB_Type'
  664 | } SCnSCB_Type;
      |   ^~~~~~~~~~~
../Drivers/CMSIS/Include/core_cm4.h:765:3: error: conflicting types for 'SysTick_Type'; have 'struct <anonymous>'
  765 | } SysTick_Type;
      |   ^~~~~~~~~~~~
../Drivers/CMSIS/Include/core_cm3.h:700:3: note: previous declaration of 'SysTick_Type' with type 'SysTick_Type'
  700 | } SysTick_Type;
      |   ^~~~~~~~~~~~
../Drivers/CMSIS/Include/core_cm4.h:845:3: error: conflicting types for 'ITM_Type'; have 'struct <anonymous>'
  845 | } ITM_Type;
      |   ^~~~~~~~
../Drivers/CMSIS/Include/core_cm3.h:780:3: note: previous declaration of 'ITM_Type' with type 'ITM_Type'
  780 | } ITM_Type;
      |   ^~~~~~~~
../Drivers/CMSIS/Include/core_cm4.h:939:3: error: conflicting types for 'DWT_Type'; have 'struct <anonymous>'
  939 | } DWT_Type;
      |   ^~~~~~~~
../Drivers/CMSIS/Include/core_cm3.h:874:3: note: previous declaration of 'DWT_Type' with type 'DWT_Type'
  874 | } DWT_Type;
      |   ^~~~~~~~
../Drivers/CMSIS/Include/core_cm4.h:1087:3: error: conflicting types for 'TPI_Type'; have 'struct <anonymous>'
 1087 | } TPI_Type;
      |   ^~~~~~~~
../Drivers/CMSIS/Include/core_cm3.h:1022:3: note: previous declaration of 'TPI_Type' with type 'TPI_Type'
 1022 | } TPI_Type;
      |   ^~~~~~~~
../Drivers/CMSIS/Include/core_cm4.h:1236:3: error: conflicting types for 'MPU_Type'; have 'struct <anonymous>'
 1236 | } MPU_Type;
      |   ^~~~~~~~
../Drivers/CMSIS/Include/core_cm3.h:1171:3: note: previous declaration of 'MPU_Type' with type 'MPU_Type'
 1171 | } MPU_Type;
      |   ^~~~~~~~
../Drivers/CMSIS/Include/core_cm4.h:1431:3: error: conflicting types for 'CoreDebug_Type'; have 'struct <anonymous>'
 1431 | } CoreDebug_Type;
      |   ^~~~~~~~~~~~~~
../Drivers/CMSIS/Include/core_cm3.h:1260:3: note: previous declaration of 'CoreDebug_Type' with type 'CoreDebug_Type'
 1260 | } CoreDebug_Type;
      |   ^~~~~~~~~~~~~~
../Drivers/CMSIS/Include/core_cm4.h:1657:22: error: redefinition of '__NVIC_SetPriorityGrouping'
 1657 | __STATIC_INLINE void __NVIC_SetPriorityGrouping(uint32_t PriorityGroup)
      |                      ^~~~~~~~~~~~~~~~~~~~~~~~~~
../Drivers/CMSIS/Include/core_cm3.h:1480:22: note: previous definition of '__NVIC_SetPriorityGrouping' with type 'void(uint32_t)' {aka 'void(long unsigned int)'}
 1480 | __STATIC_INLINE void __NVIC_SetPriorityGrouping(uint32_t PriorityGroup)
      |                      ^~~~~~~~~~~~~~~~~~~~~~~~~~
../Drivers/CMSIS/Include/core_cm4.h:1676:26: error: redefinition of '__NVIC_GetPriorityGrouping'
 1676 | __STATIC_INLINE uint32_t __NVIC_GetPriorityGrouping(void)
      |                          ^~~~~~~~~~~~~~~~~~~~~~~~~~
../Drivers/CMSIS/Include/core_cm3.h:1499:26: note: previous definition of '__NVIC_GetPriorityGrouping' with type 'uint32_t(void)' {aka 'long unsigned int(void)'}
 1499 | __STATIC_INLINE uint32_t __NVIC_GetPriorityGrouping(void)
      |                          ^~~~~~~~~~~~~~~~~~~~~~~~~~
../Drivers/CMSIS/Include/core_cm4.h:1688:22: error: redefinition of '__NVIC_EnableIRQ'
 1688 | __STATIC_INLINE void __NVIC_EnableIRQ(IRQn_Type IRQn)
      |                      ^~~~~~~~~~~~~~~~
../Drivers/CMSIS/Include/core_cm3.h:1511:22: note: previous definition of '__NVIC_EnableIRQ' with type 'void(IRQn_Type)'
 1511 | __STATIC_INLINE void __NVIC_EnableIRQ(IRQn_Type IRQn)
      |                      ^~~~~~~~~~~~~~~~
../Drivers/CMSIS/Include/core_cm4.h:1705:26: error: redefinition of '__NVIC_GetEnableIRQ'
 1705 | __STATIC_INLINE uint32_t __NVIC_GetEnableIRQ(IRQn_Type IRQn)
      |                          ^~~~~~~~~~~~~~~~~~~
../Drivers/CMSIS/Include/core_cm3.h:1528:26: note: previous definition of '__NVIC_GetEnableIRQ' with type 'uint32_t(IRQn_Type)' {aka 'long unsigned int(IRQn_Type)'}
 1528 | __STATIC_INLINE uint32_t __NVIC_GetEnableIRQ(IRQn_Type IRQn)
      |                          ^~~~~~~~~~~~~~~~~~~
../Drivers/CMSIS/Include/core_cm4.h:1724:22: error: redefinition of '__NVIC_DisableIRQ'
 1724 | __STATIC_INLINE void __NVIC_DisableIRQ(IRQn_Type IRQn)
      |                      ^~~~~~~~~~~~~~~~~
../Drivers/CMSIS/Include/core_cm3.h:1547:22: note: previous definition of '__NVIC_DisableIRQ' with type 'void(IRQn_Type)'
 1547 | __STATIC_INLINE void __NVIC_DisableIRQ(IRQn_Type IRQn)
      |                      ^~~~~~~~~~~~~~~~~
../Drivers/CMSIS/Include/core_cm4.h:1743:26: error: redefinition of '__NVIC_GetPendingIRQ'
 1743 | __STATIC_INLINE uint32_t __NVIC_GetPendingIRQ(IRQn_Type IRQn)
      |                          ^~~~~~~~~~~~~~~~~~~~
../Drivers/CMSIS/Include/core_cm3.h:1566:26: note: previous definition of '__NVIC_GetPendingIRQ' with type 'uint32_t(IRQn_Type)' {aka 'long unsigned int(IRQn_Type)'}
 1566 | __STATIC_INLINE uint32_t __NVIC_GetPendingIRQ(IRQn_Type IRQn)
      |                          ^~~~~~~~~~~~~~~~~~~~
../Drivers/CMSIS/Include/core_cm4.h:1762:22: error: redefinition of '__NVIC_SetPendingIRQ'
 1762 | __STATIC_INLINE void __NVIC_SetPendingIRQ(IRQn_Type IRQn)
      |                      ^~~~~~~~~~~~~~~~~~~~
../Drivers/CMSIS/Include/core_cm3.h:1585:22: note: previous definition of '__NVIC_SetPendingIRQ' with type 'void(IRQn_Type)'
 1585 | __STATIC_INLINE void __NVIC_SetPendingIRQ(IRQn_Type IRQn)
      |                      ^~~~~~~~~~~~~~~~~~~~
../Drivers/CMSIS/Include/core_cm4.h:1777:22: error: redefinition of '__NVIC_ClearPendingIRQ'
 1777 | __STATIC_INLINE void __NVIC_ClearPendingIRQ(IRQn_Type IRQn)
      |                      ^~~~~~~~~~~~~~~~~~~~~~
../Drivers/CMSIS/Include/core_cm3.h:1600:22: note: previous definition of '__NVIC_ClearPendingIRQ' with type 'void(IRQn_Type)'
 1600 | __STATIC_INLINE void __NVIC_ClearPendingIRQ(IRQn_Type IRQn)
      |                      ^~~~~~~~~~~~~~~~~~~~~~
../Drivers/CMSIS/Include/core_cm4.h:1794:26: error: redefinition of '__NVIC_GetActive'
 1794 | __STATIC_INLINE uint32_t __NVIC_GetActive(IRQn_Type IRQn)
      |                          ^~~~~~~~~~~~~~~~
../Drivers/CMSIS/Include/core_cm3.h:1617:26: note: previous definition of '__NVIC_GetActive' with type 'uint32_t(IRQn_Type)' {aka 'long unsigned int(IRQn_Type)'}
 1617 | __STATIC_INLINE uint32_t __NVIC_GetActive(IRQn_Type IRQn)
      |                          ^~~~~~~~~~~~~~~~
../Drivers/CMSIS/Include/core_cm4.h:1816:22: error: redefinition of '__NVIC_SetPriority'
 1816 | __STATIC_INLINE void __NVIC_SetPriority(IRQn_Type IRQn, uint32_t priority)
      |                      ^~~~~~~~~~~~~~~~~~
../Drivers/CMSIS/Include/core_cm3.h:1639:22: note: previous definition of '__NVIC_SetPriority' with type 'void(IRQn_Type,  uint32_t)' {aka 'void(IRQn_Type,  long unsigned int)'}
 1639 | __STATIC_INLINE void __NVIC_SetPriority(IRQn_Type IRQn, uint32_t priority)
      |                      ^~~~~~~~~~~~~~~~~~
../Drivers/CMSIS/Include/core_cm4.h:1838:26: error: redefinition of '__NVIC_GetPriority'
 1838 | __STATIC_INLINE uint32_t __NVIC_GetPriority(IRQn_Type IRQn)
      |                          ^~~~~~~~~~~~~~~~~~
../Drivers/CMSIS/Include/core_cm3.h:1661:26: note: previous definition of '__NVIC_GetPriority' with type 'uint32_t(IRQn_Type)' {aka 'long unsigned int(IRQn_Type)'}
 1661 | __STATIC_INLINE uint32_t __NVIC_GetPriority(IRQn_Type IRQn)
      |                          ^~~~~~~~~~~~~~~~~~
../Drivers/CMSIS/Include/core_cm4.h:1863:26: error: redefinition of 'NVIC_EncodePriority'
 1863 | __STATIC_INLINE uint32_t NVIC_EncodePriority (uint32_t PriorityGroup, uint32_t PreemptPriority, uint32_t SubPriority)
      |                          ^~~~~~~~~~~~~~~~~~~
../Drivers/CMSIS/Include/core_cm3.h:1686:26: note: previous definition of 'NVIC_EncodePriority' with type 'uint32_t(uint32_t,  uint32_t,  uint32_t)' {aka 'long unsigned int(long unsigned int,  long unsigned int,  long unsigned int)'}
 1686 | __STATIC_INLINE uint32_t NVIC_EncodePriority (uint32_t PriorityGroup, uint32_t PreemptPriority, uint32_t SubPriority)
      |                          ^~~~~~~~~~~~~~~~~~~
../Drivers/CMSIS/Include/core_cm4.h:1890:22: error: redefinition of 'NVIC_DecodePriority'
 1890 | __STATIC_INLINE void NVIC_DecodePriority (uint32_t Priority, uint32_t PriorityGroup, uint32_t* const pPreemptPriority, uint32_t* const pSubPriority)
      |                      ^~~~~~~~~~~~~~~~~~~
../Drivers/CMSIS/Include/core_cm3.h:1713:22: note: previous definition of 'NVIC_DecodePriority' with type 'void(uint32_t,  uint32_t,  uint32_t * const,  uint32_t * const)' {aka 'void(long unsigned int,  long unsigned int,  long unsigned int * const,  long unsigned int * const)'}
 1713 | __STATIC_INLINE void NVIC_DecodePriority (uint32_t Priority, uint32_t PriorityGroup, uint32_t* const pPreemptPriority, uint32_t* const pSubPriority)
      |                      ^~~~~~~~~~~~~~~~~~~
../Drivers/CMSIS/Include/core_cm4.h:1913:22: error: redefinition of '__NVIC_SetVector'
 1913 | __STATIC_INLINE void __NVIC_SetVector(IRQn_Type IRQn, uint32_t vector)
      |                      ^~~~~~~~~~~~~~~~
../Drivers/CMSIS/Include/core_cm3.h:1736:22: note: previous definition of '__NVIC_SetVector' with type 'void(IRQn_Type,  uint32_t)' {aka 'void(IRQn_Type,  long unsigned int)'}
 1736 | __STATIC_INLINE void __NVIC_SetVector(IRQn_Type IRQn, uint32_t vector)
      |                      ^~~~~~~~~~~~~~~~
../Drivers/CMSIS/Include/core_cm4.h:1928:26: error: redefinition of '__NVIC_GetVector'
 1928 | __STATIC_INLINE uint32_t __NVIC_GetVector(IRQn_Type IRQn)
      |                          ^~~~~~~~~~~~~~~~
../Drivers/CMSIS/Include/core_cm3.h:1751:26: note: previous definition of '__NVIC_GetVector' with type 'uint32_t(IRQn_Type)' {aka 'long unsigned int(IRQn_Type)'}
 1751 | __STATIC_INLINE uint32_t __NVIC_GetVector(IRQn_Type IRQn)
      |                          ^~~~~~~~~~~~~~~~
../Drivers/CMSIS/Include/core_cm4.h:1939:34: error: redefinition of '__NVIC_SystemReset'
 1939 | __NO_RETURN __STATIC_INLINE void __NVIC_SystemReset(void)
      |                                  ^~~~~~~~~~~~~~~~~~
../Drivers/CMSIS/Include/core_cm3.h:1762:34: note: previous definition of '__NVIC_SystemReset' with type 'void(void)'
 1762 | __NO_RETURN __STATIC_INLINE void __NVIC_SystemReset(void)
      |                                  ^~~~~~~~~~~~~~~~~~
../Drivers/CMSIS/Include/core_cm4.h:1981:26: error: redefinition of 'SCB_GetFPUType'
 1981 | __STATIC_INLINE uint32_t SCB_GetFPUType(void)
      |                          ^~~~~~~~~~~~~~
../Drivers/CMSIS/Include/core_cm3.h:1803:26: note: previous definition of 'SCB_GetFPUType' with type 'uint32_t(void)' {aka 'long unsigned int(void)'}
 1803 | __STATIC_INLINE uint32_t SCB_GetFPUType(void)
      |                          ^~~~~~~~~~~~~~
../Drivers/CMSIS/Include/core_cm4.h:2022:26: error: redefinition of 'SysTick_Config'
 2022 | __STATIC_INLINE uint32_t SysTick_Config(uint32_t ticks)
      |                          ^~~~~~~~~~~~~~
../Drivers/CMSIS/Include/core_cm3.h:1834:26: note: previous definition of 'SysTick_Config' with type 'uint32_t(uint32_t)' {aka 'long unsigned int(long unsigned int)'}
 1834 | __STATIC_INLINE uint32_t SysTick_Config(uint32_t ticks)
      |                          ^~~~~~~~~~~~~~
../Drivers/CMSIS/Include/core_cm4.h:2064:26: error: redefinition of 'ITM_SendChar'
 2064 | __STATIC_INLINE uint32_t ITM_SendChar (uint32_t ch)
      |                          ^~~~~~~~~~~~
../Drivers/CMSIS/Include/core_cm3.h:1876:26: note: previous definition of 'ITM_SendChar' with type 'uint32_t(uint32_t)' {aka 'long unsigned int(long unsigned int)'}
 1876 | __STATIC_INLINE uint32_t ITM_SendChar (uint32_t ch)
      |                          ^~~~~~~~~~~~
../Drivers/CMSIS/Include/core_cm4.h:2085:25: error: redefinition of 'ITM_ReceiveChar'
 2085 | __STATIC_INLINE int32_t ITM_ReceiveChar (void)
      |                         ^~~~~~~~~~~~~~~
../Drivers/CMSIS/Include/core_cm3.h:1897:25: note: previous definition of 'ITM_ReceiveChar' with type 'int32_t(void)' {aka 'long int(void)'}
 1897 | __STATIC_INLINE int32_t ITM_ReceiveChar (void)
      |                         ^~~~~~~~~~~~~~~
../Drivers/CMSIS/Include/core_cm4.h:2105:25: error: redefinition of 'ITM_CheckChar'
 2105 | __STATIC_INLINE int32_t ITM_CheckChar (void)
      |                         ^~~~~~~~~~~~~
../Drivers/CMSIS/Include/core_cm3.h:1917:25: note: previous definition of 'ITM_CheckChar' with type 'int32_t(void)' {aka 'long int(void)'}
 1917 | __STATIC_INLINE int32_t ITM_CheckChar (void)
      |                         ^~~~~~~~~~~~~
../Core/Src/main.c: In function '__io_putchar':
../Core/Src/main.c:182:16: error: too many arguments to function 'ITM_ReceiveChar'
  182 |         return ITM_ReceiveChar(ch);
      |                ^~~~~~~~~~~~~~~
../Drivers/CMSIS/Include/core_cm4.h:2085:25: note: declared here
 2085 | __STATIC_INLINE int32_t ITM_ReceiveChar (void)
      |                         ^~~~~~~~~~~~~~~
make: *** [Core/Src/subdir.mk:34: Core/Src/main.o] Error 1
"make -j12 all" terminated with exit code 2. Build might be incomplete.
12:49:53 **** Incremental Build of configuration Debug for project Eksploracja_v1 ****
make -j12 all 
arm-none-eabi-gcc "../Core/Src/main.c" -mcpu=cortex-m3 -std=gnu11 -g3 -DDEBUG -DUSE_HAL_DRIVER -DSTM32F207xx -c -I../Core/Inc -I../Drivers/STM32F2xx_HAL_Driver/Inc -I../Drivers/STM32F2xx_HAL_Driver/Inc/Legacy -I../Drivers/CMSIS/Device/ST/STM32F2xx/Include -I../Drivers/CMSIS/Include -O0 -ffunction-sections -fdata-sections -Wall -fstack-usage -fcyclomatic-complexity -MMD -MP -MF"Core/Src/main.d" -MT"Core/Src/main.o" --specs=nano.specs -mfloat-abi=soft -mthumb -o "Core/Src/main.o"
In file included from ../Core/Src/main.c:24:
../Drivers/CMSIS/Include/core_cm4.h:71: warning: "__CORTEX_M" redefined
   71 | #define __CORTEX_M                (4U)                                   /*!< Cortex-M Core */
      | 
In file included from ../Drivers/CMSIS/Device/ST/STM32F2xx/Include/stm32f207xx.h:163,
                 from ../Drivers/CMSIS/Device/ST/STM32F2xx/Include/stm32f2xx.h:107,
                 from ../Drivers/STM32F2xx_HAL_Driver/Inc/stm32f2xx_hal_def.h:30,
                 from ../Drivers/STM32F2xx_HAL_Driver/Inc/stm32f2xx_hal_rcc.h:27,
                 from ../Core/Inc/stm32f2xx_hal_conf.h:246,
                 from ../Drivers/STM32F2xx_HAL_Driver/Inc/stm32f2xx_hal.h:29,
                 from ../Core/Inc/main.h:30,
                 from ../Core/Src/main.c:20:
../Drivers/CMSIS/Include/core_cm3.h:71: note: this is the location of the previous definition
   71 | #define __CORTEX_M                (3U)                                   /*!< Cortex-M Core */
      | 
../Drivers/CMSIS/Include/core_cm4.h:273:3: error: conflicting types for 'APSR_Type'; have 'union <anonymous>'
  273 | } APSR_Type;
      |   ^~~~~~~~~
../Drivers/CMSIS/Include/core_cm3.h:218:3: note: previous declaration of 'APSR_Type' with type 'APSR_Type'
  218 | } APSR_Type;
      |   ^~~~~~~~~
../Drivers/CMSIS/Include/core_cm4.h:306:3: error: conflicting types for 'IPSR_Type'; have 'union <anonymous>'
  306 | } IPSR_Type;
      |   ^~~~~~~~~
../Drivers/CMSIS/Include/core_cm3.h:248:3: note: previous declaration of 'IPSR_Type' with type 'IPSR_Type'
  248 | } IPSR_Type;
      |   ^~~~~~~~~
../Drivers/CMSIS/Include/core_cm4.h:334:3: error: conflicting types for 'xPSR_Type'; have 'union <anonymous>'
  334 | } xPSR_Type;
      |   ^~~~~~~~~
../Drivers/CMSIS/Include/core_cm3.h:275:3: note: previous declaration of 'xPSR_Type' with type 'xPSR_Type'
  275 | } xPSR_Type;
      |   ^~~~~~~~~
../Drivers/CMSIS/Include/core_cm4.h:381:3: error: conflicting types for 'CONTROL_Type'; have 'union <anonymous>'
  381 | } CONTROL_Type;
      |   ^~~~~~~~~~~~
../Drivers/CMSIS/Include/core_cm3.h:318:3: note: previous declaration of 'CONTROL_Type' with type 'CONTROL_Type'
  318 | } CONTROL_Type;
      |   ^~~~~~~~~~~~
../Drivers/CMSIS/Include/core_cm4.h:421:4: error: conflicting types for 'NVIC_Type'; have 'struct <anonymous>'
  421 | }  NVIC_Type;
      |    ^~~~~~~~~
../Drivers/CMSIS/Include/core_cm3.h:355:4: note: previous declaration of 'NVIC_Type' with type 'NVIC_Type'
  355 | }  NVIC_Type;
      |    ^~~~~~~~~
../Drivers/CMSIS/Include/core_cm4.h:463:3: error: conflicting types for 'SCB_Type'; have 'struct <anonymous>'
  463 | } SCB_Type;
      |   ^~~~~~~~
../Drivers/CMSIS/Include/core_cm3.h:397:3: note: previous declaration of 'SCB_Type' with type 'SCB_Type'
  397 | } SCB_Type;
      |   ^~~~~~~~
../Drivers/CMSIS/Include/core_cm4.h:514: warning: "SCB_VTOR_TBLOFF_Msk" redefined
  514 | #define SCB_VTOR_TBLOFF_Msk                (0x1FFFFFFUL << SCB_VTOR_TBLOFF_Pos)           /*!< SCB VTOR: TBLOFF Mask */
      | 
../Drivers/CMSIS/Include/core_cm3.h:452: note: this is the location of the previous definition
  452 | #define SCB_VTOR_TBLOFF_Msk                (0x3FFFFFUL << SCB_VTOR_TBLOFF_Pos)            /*!< SCB VTOR: TBLOFF Mask */
      | 
../Drivers/CMSIS/Include/core_cm4.h:724:3: error: conflicting types for 'SCnSCB_Type'; have 'struct <anonymous>'
  724 | } SCnSCB_Type;
      |   ^~~~~~~~~~~
../Drivers/CMSIS/Include/core_cm3.h:664:3: note: previous declaration of 'SCnSCB_Type' with type 'SCnSCB_Type'
  664 | } SCnSCB_Type;
      |   ^~~~~~~~~~~
../Drivers/CMSIS/Include/core_cm4.h:765:3: error: conflicting types for 'SysTick_Type'; have 'struct <anonymous>'
  765 | } SysTick_Type;
      |   ^~~~~~~~~~~~
../Drivers/CMSIS/Include/core_cm3.h:700:3: note: previous declaration of 'SysTick_Type' with type 'SysTick_Type'
  700 | } SysTick_Type;
      |   ^~~~~~~~~~~~
../Drivers/CMSIS/Include/core_cm4.h:845:3: error: conflicting types for 'ITM_Type'; have 'struct <anonymous>'
  845 | } ITM_Type;
      |   ^~~~~~~~
../Drivers/CMSIS/Include/core_cm3.h:780:3: note: previous declaration of 'ITM_Type' with type 'ITM_Type'
  780 | } ITM_Type;
      |   ^~~~~~~~
../Drivers/CMSIS/Include/core_cm4.h:939:3: error: conflicting types for 'DWT_Type'; have 'struct <anonymous>'
  939 | } DWT_Type;
      |   ^~~~~~~~
../Drivers/CMSIS/Include/core_cm3.h:874:3: note: previous declaration of 'DWT_Type' with type 'DWT_Type'
  874 | } DWT_Type;
      |   ^~~~~~~~
../Drivers/CMSIS/Include/core_cm4.h:1087:3: error: conflicting types for 'TPI_Type'; have 'struct <anonymous>'
 1087 | } TPI_Type;
      |   ^~~~~~~~
../Drivers/CMSIS/Include/core_cm3.h:1022:3: note: previous declaration of 'TPI_Type' with type 'TPI_Type'
 1022 | } TPI_Type;
      |   ^~~~~~~~
../Drivers/CMSIS/Include/core_cm4.h:1236:3: error: conflicting types for 'MPU_Type'; have 'struct <anonymous>'
 1236 | } MPU_Type;
      |   ^~~~~~~~
../Drivers/CMSIS/Include/core_cm3.h:1171:3: note: previous declaration of 'MPU_Type' with type 'MPU_Type'
 1171 | } MPU_Type;
      |   ^~~~~~~~
../Drivers/CMSIS/Include/core_cm4.h:1431:3: error: conflicting types for 'CoreDebug_Type'; have 'struct <anonymous>'
 1431 | } CoreDebug_Type;
      |   ^~~~~~~~~~~~~~
../Drivers/CMSIS/Include/core_cm3.h:1260:3: note: previous declaration of 'CoreDebug_Type' with type 'CoreDebug_Type'
 1260 | } CoreDebug_Type;
      |   ^~~~~~~~~~~~~~
../Drivers/CMSIS/Include/core_cm4.h:1657:22: error: redefinition of '__NVIC_SetPriorityGrouping'
 1657 | __STATIC_INLINE void __NVIC_SetPriorityGrouping(uint32_t PriorityGroup)
      |                      ^~~~~~~~~~~~~~~~~~~~~~~~~~
../Drivers/CMSIS/Include/core_cm3.h:1480:22: note: previous definition of '__NVIC_SetPriorityGrouping' with type 'void(uint32_t)' {aka 'void(long unsigned int)'}
 1480 | __STATIC_INLINE void __NVIC_SetPriorityGrouping(uint32_t PriorityGroup)
      |                      ^~~~~~~~~~~~~~~~~~~~~~~~~~
../Drivers/CMSIS/Include/core_cm4.h:1676:26: error: redefinition of '__NVIC_GetPriorityGrouping'
 1676 | __STATIC_INLINE uint32_t __NVIC_GetPriorityGrouping(void)
      |                          ^~~~~~~~~~~~~~~~~~~~~~~~~~
../Drivers/CMSIS/Include/core_cm3.h:1499:26: note: previous definition of '__NVIC_GetPriorityGrouping' with type 'uint32_t(void)' {aka 'long unsigned int(void)'}
 1499 | __STATIC_INLINE uint32_t __NVIC_GetPriorityGrouping(void)
      |                          ^~~~~~~~~~~~~~~~~~~~~~~~~~
../Drivers/CMSIS/Include/core_cm4.h:1688:22: error: redefinition of '__NVIC_EnableIRQ'
 1688 | __STATIC_INLINE void __NVIC_EnableIRQ(IRQn_Type IRQn)
      |                      ^~~~~~~~~~~~~~~~
../Drivers/CMSIS/Include/core_cm3.h:1511:22: note: previous definition of '__NVIC_EnableIRQ' with type 'void(IRQn_Type)'
 1511 | __STATIC_INLINE void __NVIC_EnableIRQ(IRQn_Type IRQn)
      |                      ^~~~~~~~~~~~~~~~
../Drivers/CMSIS/Include/core_cm4.h:1705:26: error: redefinition of '__NVIC_GetEnableIRQ'
 1705 | __STATIC_INLINE uint32_t __NVIC_GetEnableIRQ(IRQn_Type IRQn)
      |                          ^~~~~~~~~~~~~~~~~~~
../Drivers/CMSIS/Include/core_cm3.h:1528:26: note: previous definition of '__NVIC_GetEnableIRQ' with type 'uint32_t(IRQn_Type)' {aka 'long unsigned int(IRQn_Type)'}
 1528 | __STATIC_INLINE uint32_t __NVIC_GetEnableIRQ(IRQn_Type IRQn)
      |                          ^~~~~~~~~~~~~~~~~~~
../Drivers/CMSIS/Include/core_cm4.h:1724:22: error: redefinition of '__NVIC_DisableIRQ'
 1724 | __STATIC_INLINE void __NVIC_DisableIRQ(IRQn_Type IRQn)
      |                      ^~~~~~~~~~~~~~~~~
../Drivers/CMSIS/Include/core_cm3.h:1547:22: note: previous definition of '__NVIC_DisableIRQ' with type 'void(IRQn_Type)'
 1547 | __STATIC_INLINE void __NVIC_DisableIRQ(IRQn_Type IRQn)
      |                      ^~~~~~~~~~~~~~~~~
../Drivers/CMSIS/Include/core_cm4.h:1743:26: error: redefinition of '__NVIC_GetPendingIRQ'
 1743 | __STATIC_INLINE uint32_t __NVIC_GetPendingIRQ(IRQn_Type IRQn)
      |                          ^~~~~~~~~~~~~~~~~~~~
../Drivers/CMSIS/Include/core_cm3.h:1566:26: note: previous definition of '__NVIC_GetPendingIRQ' with type 'uint32_t(IRQn_Type)' {aka 'long unsigned int(IRQn_Type)'}
 1566 | __STATIC_INLINE uint32_t __NVIC_GetPendingIRQ(IRQn_Type IRQn)
      |                          ^~~~~~~~~~~~~~~~~~~~
../Drivers/CMSIS/Include/core_cm4.h:1762:22: error: redefinition of '__NVIC_SetPendingIRQ'
 1762 | __STATIC_INLINE void __NVIC_SetPendingIRQ(IRQn_Type IRQn)
      |                      ^~~~~~~~~~~~~~~~~~~~
../Drivers/CMSIS/Include/core_cm3.h:1585:22: note: previous definition of '__NVIC_SetPendingIRQ' with type 'void(IRQn_Type)'
 1585 | __STATIC_INLINE void __NVIC_SetPendingIRQ(IRQn_Type IRQn)
      |                      ^~~~~~~~~~~~~~~~~~~~
../Drivers/CMSIS/Include/core_cm4.h:1777:22: error: redefinition of '__NVIC_ClearPendingIRQ'
 1777 | __STATIC_INLINE void __NVIC_ClearPendingIRQ(IRQn_Type IRQn)
      |                      ^~~~~~~~~~~~~~~~~~~~~~
../Drivers/CMSIS/Include/core_cm3.h:1600:22: note: previous definition of '__NVIC_ClearPendingIRQ' with type 'void(IRQn_Type)'
 1600 | __STATIC_INLINE void __NVIC_ClearPendingIRQ(IRQn_Type IRQn)
      |                      ^~~~~~~~~~~~~~~~~~~~~~
../Drivers/CMSIS/Include/core_cm4.h:1794:26: error: redefinition of '__NVIC_GetActive'
 1794 | __STATIC_INLINE uint32_t __NVIC_GetActive(IRQn_Type IRQn)
      |                          ^~~~~~~~~~~~~~~~
../Drivers/CMSIS/Include/core_cm3.h:1617:26: note: previous definition of '__NVIC_GetActive' with type 'uint32_t(IRQn_Type)' {aka 'long unsigned int(IRQn_Type)'}
 1617 | __STATIC_INLINE uint32_t __NVIC_GetActive(IRQn_Type IRQn)
      |                          ^~~~~~~~~~~~~~~~
../Drivers/CMSIS/Include/core_cm4.h:1816:22: error: redefinition of '__NVIC_SetPriority'
 1816 | __STATIC_INLINE void __NVIC_SetPriority(IRQn_Type IRQn, uint32_t priority)
      |                      ^~~~~~~~~~~~~~~~~~
../Drivers/CMSIS/Include/core_cm3.h:1639:22: note: previous definition of '__NVIC_SetPriority' with type 'void(IRQn_Type,  uint32_t)' {aka 'void(IRQn_Type,  long unsigned int)'}
 1639 | __STATIC_INLINE void __NVIC_SetPriority(IRQn_Type IRQn, uint32_t priority)
      |                      ^~~~~~~~~~~~~~~~~~
../Drivers/CMSIS/Include/core_cm4.h:1838:26: error: redefinition of '__NVIC_GetPriority'
 1838 | __STATIC_INLINE uint32_t __NVIC_GetPriority(IRQn_Type IRQn)
      |                          ^~~~~~~~~~~~~~~~~~
../Drivers/CMSIS/Include/core_cm3.h:1661:26: note: previous definition of '__NVIC_GetPriority' with type 'uint32_t(IRQn_Type)' {aka 'long unsigned int(IRQn_Type)'}
 1661 | __STATIC_INLINE uint32_t __NVIC_GetPriority(IRQn_Type IRQn)
      |                          ^~~~~~~~~~~~~~~~~~
../Drivers/CMSIS/Include/core_cm4.h:1863:26: error: redefinition of 'NVIC_EncodePriority'
 1863 | __STATIC_INLINE uint32_t NVIC_EncodePriority (uint32_t PriorityGroup, uint32_t PreemptPriority, uint32_t SubPriority)
      |                          ^~~~~~~~~~~~~~~~~~~
../Drivers/CMSIS/Include/core_cm3.h:1686:26: note: previous definition of 'NVIC_EncodePriority' with type 'uint32_t(uint32_t,  uint32_t,  uint32_t)' {aka 'long unsigned int(long unsigned int,  long unsigned int,  long unsigned int)'}
 1686 | __STATIC_INLINE uint32_t NVIC_EncodePriority (uint32_t PriorityGroup, uint32_t PreemptPriority, uint32_t SubPriority)
      |                          ^~~~~~~~~~~~~~~~~~~
../Drivers/CMSIS/Include/core_cm4.h:1890:22: error: redefinition of 'NVIC_DecodePriority'
 1890 | __STATIC_INLINE void NVIC_DecodePriority (uint32_t Priority, uint32_t PriorityGroup, uint32_t* const pPreemptPriority, uint32_t* const pSubPriority)
      |                      ^~~~~~~~~~~~~~~~~~~
../Drivers/CMSIS/Include/core_cm3.h:1713:22: note: previous definition of 'NVIC_DecodePriority' with type 'void(uint32_t,  uint32_t,  uint32_t * const,  uint32_t * const)' {aka 'void(long unsigned int,  long unsigned int,  long unsigned int * const,  long unsigned int * const)'}
 1713 | __STATIC_INLINE void NVIC_DecodePriority (uint32_t Priority, uint32_t PriorityGroup, uint32_t* const pPreemptPriority, uint32_t* const pSubPriority)
      |                      ^~~~~~~~~~~~~~~~~~~
../Drivers/CMSIS/Include/core_cm4.h:1913:22: error: redefinition of '__NVIC_SetVector'
 1913 | __STATIC_INLINE void __NVIC_SetVector(IRQn_Type IRQn, uint32_t vector)
      |                      ^~~~~~~~~~~~~~~~
../Drivers/CMSIS/Include/core_cm3.h:1736:22: note: previous definition of '__NVIC_SetVector' with type 'void(IRQn_Type,  uint32_t)' {aka 'void(IRQn_Type,  long unsigned int)'}
 1736 | __STATIC_INLINE void __NVIC_SetVector(IRQn_Type IRQn, uint32_t vector)
      |                      ^~~~~~~~~~~~~~~~
../Drivers/CMSIS/Include/core_cm4.h:1928:26: error: redefinition of '__NVIC_GetVector'
 1928 | __STATIC_INLINE uint32_t __NVIC_GetVector(IRQn_Type IRQn)
      |                          ^~~~~~~~~~~~~~~~
../Drivers/CMSIS/Include/core_cm3.h:1751:26: note: previous definition of '__NVIC_GetVector' with type 'uint32_t(IRQn_Type)' {aka 'long unsigned int(IRQn_Type)'}
 1751 | __STATIC_INLINE uint32_t __NVIC_GetVector(IRQn_Type IRQn)
      |                          ^~~~~~~~~~~~~~~~
../Drivers/CMSIS/Include/core_cm4.h:1939:34: error: redefinition of '__NVIC_SystemReset'
 1939 | __NO_RETURN __STATIC_INLINE void __NVIC_SystemReset(void)
      |                                  ^~~~~~~~~~~~~~~~~~
../Drivers/CMSIS/Include/core_cm3.h:1762:34: note: previous definition of '__NVIC_SystemReset' with type 'void(void)'
 1762 | __NO_RETURN __STATIC_INLINE void __NVIC_SystemReset(void)
      |                                  ^~~~~~~~~~~~~~~~~~
../Drivers/CMSIS/Include/core_cm4.h:1981:26: error: redefinition of 'SCB_GetFPUType'
 1981 | __STATIC_INLINE uint32_t SCB_GetFPUType(void)
      |                          ^~~~~~~~~~~~~~
../Drivers/CMSIS/Include/core_cm3.h:1803:26: note: previous definition of 'SCB_GetFPUType' with type 'uint32_t(void)' {aka 'long unsigned int(void)'}
 1803 | __STATIC_INLINE uint32_t SCB_GetFPUType(void)
      |                          ^~~~~~~~~~~~~~
../Drivers/CMSIS/Include/core_cm4.h:2022:26: error: redefinition of 'SysTick_Config'
 2022 | __STATIC_INLINE uint32_t SysTick_Config(uint32_t ticks)
      |                          ^~~~~~~~~~~~~~
../Drivers/CMSIS/Include/core_cm3.h:1834:26: note: previous definition of 'SysTick_Config' with type 'uint32_t(uint32_t)' {aka 'long unsigned int(long unsigned int)'}
 1834 | __STATIC_INLINE uint32_t SysTick_Config(uint32_t ticks)
      |                          ^~~~~~~~~~~~~~
../Drivers/CMSIS/Include/core_cm4.h:2064:26: error: redefinition of 'ITM_SendChar'
 2064 | __STATIC_INLINE uint32_t ITM_SendChar (uint32_t ch)
      |                          ^~~~~~~~~~~~
../Drivers/CMSIS/Include/core_cm3.h:1876:26: note: previous definition of 'ITM_SendChar' with type 'uint32_t(uint32_t)' {aka 'long unsigned int(long unsigned int)'}
 1876 | __STATIC_INLINE uint32_t ITM_SendChar (uint32_t ch)
      |                          ^~~~~~~~~~~~
../Drivers/CMSIS/Include/core_cm4.h:2085:25: error: redefinition of 'ITM_ReceiveChar'
 2085 | __STATIC_INLINE int32_t ITM_ReceiveChar (void)
      |                         ^~~~~~~~~~~~~~~
../Drivers/CMSIS/Include/core_cm3.h:1897:25: note: previous definition of 'ITM_ReceiveChar' with type 'int32_t(void)' {aka 'long int(void)'}
 1897 | __STATIC_INLINE int32_t ITM_ReceiveChar (void)
      |                         ^~~~~~~~~~~~~~~
../Drivers/CMSIS/Include/core_cm4.h:2105:25: error: redefinition of 'ITM_CheckChar'
 2105 | __STATIC_INLINE int32_t ITM_CheckChar (void)
      |                         ^~~~~~~~~~~~~
../Drivers/CMSIS/Include/core_cm3.h:1917:25: note: previous definition of 'ITM_CheckChar' with type 'int32_t(void)' {aka 'long int(void)'}
 1917 | __STATIC_INLINE int32_t ITM_CheckChar (void)
      |                         ^~~~~~~~~~~~~
make: *** [Core/Src/subdir.mk:34: Core/Src/main.o] Error 1
"make -j12 all" terminated with exit code 2. Build might be incomplete.
12:50:08 **** Incremental Build of configuration Debug for project Eksploracja_v1 ****
make -j12 all 
arm-none-eabi-gcc "../Core/Src/main.c" -mcpu=cortex-m3 -std=gnu11 -g3 -DDEBUG -DUSE_HAL_DRIVER -DSTM32F207xx -c -I../Core/Inc -I../Drivers/STM32F2xx_HAL_Driver/Inc -I../Drivers/STM32F2xx_HAL_Driver/Inc/Legacy -I../Drivers/CMSIS/Device/ST/STM32F2xx/Include -I../Drivers/CMSIS/Include -O0 -ffunction-sections -fdata-sections -Wall -fstack-usage -fcyclomatic-complexity -MMD -MP -MF"Core/Src/main.d" -MT"Core/Src/main.o" --specs=nano.specs -mfloat-abi=soft -mthumb -o "Core/Src/main.o"
In file included from ../Core/Src/main.c:24:
../Drivers/CMSIS/Include/core_cm4.h:71: warning: "__CORTEX_M" redefined
   71 | #define __CORTEX_M                (4U)                                   /*!< Cortex-M Core */
      | 
In file included from ../Drivers/CMSIS/Device/ST/STM32F2xx/Include/stm32f207xx.h:163,
                 from ../Drivers/CMSIS/Device/ST/STM32F2xx/Include/stm32f2xx.h:107,
                 from ../Drivers/STM32F2xx_HAL_Driver/Inc/stm32f2xx_hal_def.h:30,
                 from ../Drivers/STM32F2xx_HAL_Driver/Inc/stm32f2xx_hal_rcc.h:27,
                 from ../Core/Inc/stm32f2xx_hal_conf.h:246,
                 from ../Drivers/STM32F2xx_HAL_Driver/Inc/stm32f2xx_hal.h:29,
                 from ../Core/Inc/main.h:30,
                 from ../Core/Src/main.c:20:
../Drivers/CMSIS/Include/core_cm3.h:71: note: this is the location of the previous definition
   71 | #define __CORTEX_M                (3U)                                   /*!< Cortex-M Core */
      | 
../Drivers/CMSIS/Include/core_cm4.h:273:3: error: conflicting types for 'APSR_Type'; have 'union <anonymous>'
  273 | } APSR_Type;
      |   ^~~~~~~~~
../Drivers/CMSIS/Include/core_cm3.h:218:3: note: previous declaration of 'APSR_Type' with type 'APSR_Type'
  218 | } APSR_Type;
      |   ^~~~~~~~~
../Drivers/CMSIS/Include/core_cm4.h:306:3: error: conflicting types for 'IPSR_Type'; have 'union <anonymous>'
  306 | } IPSR_Type;
      |   ^~~~~~~~~
../Drivers/CMSIS/Include/core_cm3.h:248:3: note: previous declaration of 'IPSR_Type' with type 'IPSR_Type'
  248 | } IPSR_Type;
      |   ^~~~~~~~~
../Drivers/CMSIS/Include/core_cm4.h:334:3: error: conflicting types for 'xPSR_Type'; have 'union <anonymous>'
  334 | } xPSR_Type;
      |   ^~~~~~~~~
../Drivers/CMSIS/Include/core_cm3.h:275:3: note: previous declaration of 'xPSR_Type' with type 'xPSR_Type'
  275 | } xPSR_Type;
      |   ^~~~~~~~~
../Drivers/CMSIS/Include/core_cm4.h:381:3: error: conflicting types for 'CONTROL_Type'; have 'union <anonymous>'
  381 | } CONTROL_Type;
      |   ^~~~~~~~~~~~
../Drivers/CMSIS/Include/core_cm3.h:318:3: note: previous declaration of 'CONTROL_Type' with type 'CONTROL_Type'
  318 | } CONTROL_Type;
      |   ^~~~~~~~~~~~
../Drivers/CMSIS/Include/core_cm4.h:421:4: error: conflicting types for 'NVIC_Type'; have 'struct <anonymous>'
  421 | }  NVIC_Type;
      |    ^~~~~~~~~
../Drivers/CMSIS/Include/core_cm3.h:355:4: note: previous declaration of 'NVIC_Type' with type 'NVIC_Type'
  355 | }  NVIC_Type;
      |    ^~~~~~~~~
../Drivers/CMSIS/Include/core_cm4.h:463:3: error: conflicting types for 'SCB_Type'; have 'struct <anonymous>'
  463 | } SCB_Type;
      |   ^~~~~~~~
../Drivers/CMSIS/Include/core_cm3.h:397:3: note: previous declaration of 'SCB_Type' with type 'SCB_Type'
  397 | } SCB_Type;
      |   ^~~~~~~~
../Drivers/CMSIS/Include/core_cm4.h:514: warning: "SCB_VTOR_TBLOFF_Msk" redefined
  514 | #define SCB_VTOR_TBLOFF_Msk                (0x1FFFFFFUL << SCB_VTOR_TBLOFF_Pos)           /*!< SCB VTOR: TBLOFF Mask */
      | 
../Drivers/CMSIS/Include/core_cm3.h:452: note: this is the location of the previous definition
  452 | #define SCB_VTOR_TBLOFF_Msk                (0x3FFFFFUL << SCB_VTOR_TBLOFF_Pos)            /*!< SCB VTOR: TBLOFF Mask */
      | 
../Drivers/CMSIS/Include/core_cm4.h:724:3: error: conflicting types for 'SCnSCB_Type'; have 'struct <anonymous>'
  724 | } SCnSCB_Type;
      |   ^~~~~~~~~~~
../Drivers/CMSIS/Include/core_cm3.h:664:3: note: previous declaration of 'SCnSCB_Type' with type 'SCnSCB_Type'
  664 | } SCnSCB_Type;
      |   ^~~~~~~~~~~
../Drivers/CMSIS/Include/core_cm4.h:765:3: error: conflicting types for 'SysTick_Type'; have 'struct <anonymous>'
  765 | } SysTick_Type;
      |   ^~~~~~~~~~~~
../Drivers/CMSIS/Include/core_cm3.h:700:3: note: previous declaration of 'SysTick_Type' with type 'SysTick_Type'
  700 | } SysTick_Type;
      |   ^~~~~~~~~~~~
../Drivers/CMSIS/Include/core_cm4.h:845:3: error: conflicting types for 'ITM_Type'; have 'struct <anonymous>'
  845 | } ITM_Type;
      |   ^~~~~~~~
../Drivers/CMSIS/Include/core_cm3.h:780:3: note: previous declaration of 'ITM_Type' with type 'ITM_Type'
  780 | } ITM_Type;
      |   ^~~~~~~~
../Drivers/CMSIS/Include/core_cm4.h:939:3: error: conflicting types for 'DWT_Type'; have 'struct <anonymous>'
  939 | } DWT_Type;
      |   ^~~~~~~~
../Drivers/CMSIS/Include/core_cm3.h:874:3: note: previous declaration of 'DWT_Type' with type 'DWT_Type'
  874 | } DWT_Type;
      |   ^~~~~~~~
../Drivers/CMSIS/Include/core_cm4.h:1087:3: error: conflicting types for 'TPI_Type'; have 'struct <anonymous>'
 1087 | } TPI_Type;
      |   ^~~~~~~~
../Drivers/CMSIS/Include/core_cm3.h:1022:3: note: previous declaration of 'TPI_Type' with type 'TPI_Type'
 1022 | } TPI_Type;
      |   ^~~~~~~~
../Drivers/CMSIS/Include/core_cm4.h:1236:3: error: conflicting types for 'MPU_Type'; have 'struct <anonymous>'
 1236 | } MPU_Type;
      |   ^~~~~~~~
../Drivers/CMSIS/Include/core_cm3.h:1171:3: note: previous declaration of 'MPU_Type' with type 'MPU_Type'
 1171 | } MPU_Type;
      |   ^~~~~~~~
../Drivers/CMSIS/Include/core_cm4.h:1431:3: error: conflicting types for 'CoreDebug_Type'; have 'struct <anonymous>'
 1431 | } CoreDebug_Type;
      |   ^~~~~~~~~~~~~~
../Drivers/CMSIS/Include/core_cm3.h:1260:3: note: previous declaration of 'CoreDebug_Type' with type 'CoreDebug_Type'
 1260 | } CoreDebug_Type;
      |   ^~~~~~~~~~~~~~
../Drivers/CMSIS/Include/core_cm4.h:1657:22: error: redefinition of '__NVIC_SetPriorityGrouping'
 1657 | __STATIC_INLINE void __NVIC_SetPriorityGrouping(uint32_t PriorityGroup)
      |                      ^~~~~~~~~~~~~~~~~~~~~~~~~~
../Drivers/CMSIS/Include/core_cm3.h:1480:22: note: previous definition of '__NVIC_SetPriorityGrouping' with type 'void(uint32_t)' {aka 'void(long unsigned int)'}
 1480 | __STATIC_INLINE void __NVIC_SetPriorityGrouping(uint32_t PriorityGroup)
      |                      ^~~~~~~~~~~~~~~~~~~~~~~~~~
../Drivers/CMSIS/Include/core_cm4.h:1676:26: error: redefinition of '__NVIC_GetPriorityGrouping'
 1676 | __STATIC_INLINE uint32_t __NVIC_GetPriorityGrouping(void)
      |                          ^~~~~~~~~~~~~~~~~~~~~~~~~~
../Drivers/CMSIS/Include/core_cm3.h:1499:26: note: previous definition of '__NVIC_GetPriorityGrouping' with type 'uint32_t(void)' {aka 'long unsigned int(void)'}
 1499 | __STATIC_INLINE uint32_t __NVIC_GetPriorityGrouping(void)
      |                          ^~~~~~~~~~~~~~~~~~~~~~~~~~
../Drivers/CMSIS/Include/core_cm4.h:1688:22: error: redefinition of '__NVIC_EnableIRQ'
 1688 | __STATIC_INLINE void __NVIC_EnableIRQ(IRQn_Type IRQn)
      |                      ^~~~~~~~~~~~~~~~
../Drivers/CMSIS/Include/core_cm3.h:1511:22: note: previous definition of '__NVIC_EnableIRQ' with type 'void(IRQn_Type)'
 1511 | __STATIC_INLINE void __NVIC_EnableIRQ(IRQn_Type IRQn)
      |                      ^~~~~~~~~~~~~~~~
../Drivers/CMSIS/Include/core_cm4.h:1705:26: error: redefinition of '__NVIC_GetEnableIRQ'
 1705 | __STATIC_INLINE uint32_t __NVIC_GetEnableIRQ(IRQn_Type IRQn)
      |                          ^~~~~~~~~~~~~~~~~~~
../Drivers/CMSIS/Include/core_cm3.h:1528:26: note: previous definition of '__NVIC_GetEnableIRQ' with type 'uint32_t(IRQn_Type)' {aka 'long unsigned int(IRQn_Type)'}
 1528 | __STATIC_INLINE uint32_t __NVIC_GetEnableIRQ(IRQn_Type IRQn)
      |                          ^~~~~~~~~~~~~~~~~~~
../Drivers/CMSIS/Include/core_cm4.h:1724:22: error: redefinition of '__NVIC_DisableIRQ'
 1724 | __STATIC_INLINE void __NVIC_DisableIRQ(IRQn_Type IRQn)
      |                      ^~~~~~~~~~~~~~~~~
../Drivers/CMSIS/Include/core_cm3.h:1547:22: note: previous definition of '__NVIC_DisableIRQ' with type 'void(IRQn_Type)'
 1547 | __STATIC_INLINE void __NVIC_DisableIRQ(IRQn_Type IRQn)
      |                      ^~~~~~~~~~~~~~~~~
../Drivers/CMSIS/Include/core_cm4.h:1743:26: error: redefinition of '__NVIC_GetPendingIRQ'
 1743 | __STATIC_INLINE uint32_t __NVIC_GetPendingIRQ(IRQn_Type IRQn)
      |                          ^~~~~~~~~~~~~~~~~~~~
../Drivers/CMSIS/Include/core_cm3.h:1566:26: note: previous definition of '__NVIC_GetPendingIRQ' with type 'uint32_t(IRQn_Type)' {aka 'long unsigned int(IRQn_Type)'}
 1566 | __STATIC_INLINE uint32_t __NVIC_GetPendingIRQ(IRQn_Type IRQn)
      |                          ^~~~~~~~~~~~~~~~~~~~
../Drivers/CMSIS/Include/core_cm4.h:1762:22: error: redefinition of '__NVIC_SetPendingIRQ'
 1762 | __STATIC_INLINE void __NVIC_SetPendingIRQ(IRQn_Type IRQn)
      |                      ^~~~~~~~~~~~~~~~~~~~
../Drivers/CMSIS/Include/core_cm3.h:1585:22: note: previous definition of '__NVIC_SetPendingIRQ' with type 'void(IRQn_Type)'
 1585 | __STATIC_INLINE void __NVIC_SetPendingIRQ(IRQn_Type IRQn)
      |                      ^~~~~~~~~~~~~~~~~~~~
../Drivers/CMSIS/Include/core_cm4.h:1777:22: error: redefinition of '__NVIC_ClearPendingIRQ'
 1777 | __STATIC_INLINE void __NVIC_ClearPendingIRQ(IRQn_Type IRQn)
      |                      ^~~~~~~~~~~~~~~~~~~~~~
../Drivers/CMSIS/Include/core_cm3.h:1600:22: note: previous definition of '__NVIC_ClearPendingIRQ' with type 'void(IRQn_Type)'
 1600 | __STATIC_INLINE void __NVIC_ClearPendingIRQ(IRQn_Type IRQn)
      |                      ^~~~~~~~~~~~~~~~~~~~~~
../Drivers/CMSIS/Include/core_cm4.h:1794:26: error: redefinition of '__NVIC_GetActive'
 1794 | __STATIC_INLINE uint32_t __NVIC_GetActive(IRQn_Type IRQn)
      |                          ^~~~~~~~~~~~~~~~
../Drivers/CMSIS/Include/core_cm3.h:1617:26: note: previous definition of '__NVIC_GetActive' with type 'uint32_t(IRQn_Type)' {aka 'long unsigned int(IRQn_Type)'}
 1617 | __STATIC_INLINE uint32_t __NVIC_GetActive(IRQn_Type IRQn)
      |                          ^~~~~~~~~~~~~~~~
../Drivers/CMSIS/Include/core_cm4.h:1816:22: error: redefinition of '__NVIC_SetPriority'
 1816 | __STATIC_INLINE void __NVIC_SetPriority(IRQn_Type IRQn, uint32_t priority)
      |                      ^~~~~~~~~~~~~~~~~~
../Drivers/CMSIS/Include/core_cm3.h:1639:22: note: previous definition of '__NVIC_SetPriority' with type 'void(IRQn_Type,  uint32_t)' {aka 'void(IRQn_Type,  long unsigned int)'}
 1639 | __STATIC_INLINE void __NVIC_SetPriority(IRQn_Type IRQn, uint32_t priority)
      |                      ^~~~~~~~~~~~~~~~~~
../Drivers/CMSIS/Include/core_cm4.h:1838:26: error: redefinition of '__NVIC_GetPriority'
 1838 | __STATIC_INLINE uint32_t __NVIC_GetPriority(IRQn_Type IRQn)
      |                          ^~~~~~~~~~~~~~~~~~
../Drivers/CMSIS/Include/core_cm3.h:1661:26: note: previous definition of '__NVIC_GetPriority' with type 'uint32_t(IRQn_Type)' {aka 'long unsigned int(IRQn_Type)'}
 1661 | __STATIC_INLINE uint32_t __NVIC_GetPriority(IRQn_Type IRQn)
      |                          ^~~~~~~~~~~~~~~~~~
../Drivers/CMSIS/Include/core_cm4.h:1863:26: error: redefinition of 'NVIC_EncodePriority'
 1863 | __STATIC_INLINE uint32_t NVIC_EncodePriority (uint32_t PriorityGroup, uint32_t PreemptPriority, uint32_t SubPriority)
      |                          ^~~~~~~~~~~~~~~~~~~
../Drivers/CMSIS/Include/core_cm3.h:1686:26: note: previous definition of 'NVIC_EncodePriority' with type 'uint32_t(uint32_t,  uint32_t,  uint32_t)' {aka 'long unsigned int(long unsigned int,  long unsigned int,  long unsigned int)'}
 1686 | __STATIC_INLINE uint32_t NVIC_EncodePriority (uint32_t PriorityGroup, uint32_t PreemptPriority, uint32_t SubPriority)
      |                          ^~~~~~~~~~~~~~~~~~~
../Drivers/CMSIS/Include/core_cm4.h:1890:22: error: redefinition of 'NVIC_DecodePriority'
 1890 | __STATIC_INLINE void NVIC_DecodePriority (uint32_t Priority, uint32_t PriorityGroup, uint32_t* const pPreemptPriority, uint32_t* const pSubPriority)
      |                      ^~~~~~~~~~~~~~~~~~~
../Drivers/CMSIS/Include/core_cm3.h:1713:22: note: previous definition of 'NVIC_DecodePriority' with type 'void(uint32_t,  uint32_t,  uint32_t * const,  uint32_t * const)' {aka 'void(long unsigned int,  long unsigned int,  long unsigned int * const,  long unsigned int * const)'}
 1713 | __STATIC_INLINE void NVIC_DecodePriority (uint32_t Priority, uint32_t PriorityGroup, uint32_t* const pPreemptPriority, uint32_t* const pSubPriority)
      |                      ^~~~~~~~~~~~~~~~~~~
../Drivers/CMSIS/Include/core_cm4.h:1913:22: error: redefinition of '__NVIC_SetVector'
 1913 | __STATIC_INLINE void __NVIC_SetVector(IRQn_Type IRQn, uint32_t vector)
      |                      ^~~~~~~~~~~~~~~~
../Drivers/CMSIS/Include/core_cm3.h:1736:22: note: previous definition of '__NVIC_SetVector' with type 'void(IRQn_Type,  uint32_t)' {aka 'void(IRQn_Type,  long unsigned int)'}
 1736 | __STATIC_INLINE void __NVIC_SetVector(IRQn_Type IRQn, uint32_t vector)
      |                      ^~~~~~~~~~~~~~~~
../Drivers/CMSIS/Include/core_cm4.h:1928:26: error: redefinition of '__NVIC_GetVector'
 1928 | __STATIC_INLINE uint32_t __NVIC_GetVector(IRQn_Type IRQn)
      |                          ^~~~~~~~~~~~~~~~
../Drivers/CMSIS/Include/core_cm3.h:1751:26: note: previous definition of '__NVIC_GetVector' with type 'uint32_t(IRQn_Type)' {aka 'long unsigned int(IRQn_Type)'}
 1751 | __STATIC_INLINE uint32_t __NVIC_GetVector(IRQn_Type IRQn)
      |                          ^~~~~~~~~~~~~~~~
../Drivers/CMSIS/Include/core_cm4.h:1939:34: error: redefinition of '__NVIC_SystemReset'
 1939 | __NO_RETURN __STATIC_INLINE void __NVIC_SystemReset(void)
      |                                  ^~~~~~~~~~~~~~~~~~
../Drivers/CMSIS/Include/core_cm3.h:1762:34: note: previous definition of '__NVIC_SystemReset' with type 'void(void)'
 1762 | __NO_RETURN __STATIC_INLINE void __NVIC_SystemReset(void)
      |                                  ^~~~~~~~~~~~~~~~~~
../Drivers/CMSIS/Include/core_cm4.h:1981:26: error: redefinition of 'SCB_GetFPUType'
 1981 | __STATIC_INLINE uint32_t SCB_GetFPUType(void)
      |                          ^~~~~~~~~~~~~~
../Drivers/CMSIS/Include/core_cm3.h:1803:26: note: previous definition of 'SCB_GetFPUType' with type 'uint32_t(void)' {aka 'long unsigned int(void)'}
 1803 | __STATIC_INLINE uint32_t SCB_GetFPUType(void)
      |                          ^~~~~~~~~~~~~~
../Drivers/CMSIS/Include/core_cm4.h:2022:26: error: redefinition of 'SysTick_Config'
 2022 | __STATIC_INLINE uint32_t SysTick_Config(uint32_t ticks)
      |                          ^~~~~~~~~~~~~~
../Drivers/CMSIS/Include/core_cm3.h:1834:26: note: previous definition of 'SysTick_Config' with type 'uint32_t(uint32_t)' {aka 'long unsigned int(long unsigned int)'}
 1834 | __STATIC_INLINE uint32_t SysTick_Config(uint32_t ticks)
      |                          ^~~~~~~~~~~~~~
../Drivers/CMSIS/Include/core_cm4.h:2064:26: error: redefinition of 'ITM_SendChar'
 2064 | __STATIC_INLINE uint32_t ITM_SendChar (uint32_t ch)
      |                          ^~~~~~~~~~~~
../Drivers/CMSIS/Include/core_cm3.h:1876:26: note: previous definition of 'ITM_SendChar' with type 'uint32_t(uint32_t)' {aka 'long unsigned int(long unsigned int)'}
 1876 | __STATIC_INLINE uint32_t ITM_SendChar (uint32_t ch)
      |                          ^~~~~~~~~~~~
../Drivers/CMSIS/Include/core_cm4.h:2085:25: error: redefinition of 'ITM_ReceiveChar'
 2085 | __STATIC_INLINE int32_t ITM_ReceiveChar (void)
      |                         ^~~~~~~~~~~~~~~
../Drivers/CMSIS/Include/core_cm3.h:1897:25: note: previous definition of 'ITM_ReceiveChar' with type 'int32_t(void)' {aka 'long int(void)'}
 1897 | __STATIC_INLINE int32_t ITM_ReceiveChar (void)
      |                         ^~~~~~~~~~~~~~~
../Drivers/CMSIS/Include/core_cm4.h:2105:25: error: redefinition of 'ITM_CheckChar'
 2105 | __STATIC_INLINE int32_t ITM_CheckChar (void)
      |                         ^~~~~~~~~~~~~
../Drivers/CMSIS/Include/core_cm3.h:1917:25: note: previous definition of 'ITM_CheckChar' with type 'int32_t(void)' {aka 'long int(void)'}
 1917 | __STATIC_INLINE int32_t ITM_CheckChar (void)
      |                         ^~~~~~~~~~~~~
make: *** [Core/Src/subdir.mk:34: Core/Src/main.o] Error 1
"make -j12 all" terminated with exit code 2. Build might be incomplete.
12:50:37 **** Incremental Build of configuration Debug for project Eksploracja_v1 ****
make -j12 all 
arm-none-eabi-gcc "../Core/Src/main.c" -mcpu=cortex-m3 -std=gnu11 -g3 -DDEBUG -DUSE_HAL_DRIVER -DSTM32F207xx -c -I../Core/Inc -I../Drivers/STM32F2xx_HAL_Driver/Inc -I../Drivers/STM32F2xx_HAL_Driver/Inc/Legacy -I../Drivers/CMSIS/Device/ST/STM32F2xx/Include -I../Drivers/CMSIS/Include -O0 -ffunction-sections -fdata-sections -Wall -fstack-usage -fcyclomatic-complexity -MMD -MP -MF"Core/Src/main.d" -MT"Core/Src/main.o" --specs=nano.specs -mfloat-abi=soft -mthumb -o "Core/Src/main.o"
In file included from ../Core/Src/main.c:24:
../Drivers/CMSIS/Include/core_cm4.h:71: warning: "__CORTEX_M" redefined
   71 | #define __CORTEX_M                (4U)                                   /*!< Cortex-M Core */
      | 
In file included from ../Drivers/CMSIS/Device/ST/STM32F2xx/Include/stm32f207xx.h:163,
                 from ../Drivers/CMSIS/Device/ST/STM32F2xx/Include/stm32f2xx.h:107,
                 from ../Drivers/STM32F2xx_HAL_Driver/Inc/stm32f2xx_hal_def.h:30,
                 from ../Drivers/STM32F2xx_HAL_Driver/Inc/stm32f2xx_hal_rcc.h:27,
                 from ../Core/Inc/stm32f2xx_hal_conf.h:246,
                 from ../Drivers/STM32F2xx_HAL_Driver/Inc/stm32f2xx_hal.h:29,
                 from ../Core/Inc/main.h:30,
                 from ../Core/Src/main.c:20:
../Drivers/CMSIS/Include/core_cm3.h:71: note: this is the location of the previous definition
   71 | #define __CORTEX_M                (3U)                                   /*!< Cortex-M Core */
      | 
../Drivers/CMSIS/Include/core_cm4.h:273:3: error: conflicting types for 'APSR_Type'; have 'union <anonymous>'
  273 | } APSR_Type;
      |   ^~~~~~~~~
../Drivers/CMSIS/Include/core_cm3.h:218:3: note: previous declaration of 'APSR_Type' with type 'APSR_Type'
  218 | } APSR_Type;
      |   ^~~~~~~~~
../Drivers/CMSIS/Include/core_cm4.h:306:3: error: conflicting types for 'IPSR_Type'; have 'union <anonymous>'
  306 | } IPSR_Type;
      |   ^~~~~~~~~
../Drivers/CMSIS/Include/core_cm3.h:248:3: note: previous declaration of 'IPSR_Type' with type 'IPSR_Type'
  248 | } IPSR_Type;
      |   ^~~~~~~~~
../Drivers/CMSIS/Include/core_cm4.h:334:3: error: conflicting types for 'xPSR_Type'; have 'union <anonymous>'
  334 | } xPSR_Type;
      |   ^~~~~~~~~
../Drivers/CMSIS/Include/core_cm3.h:275:3: note: previous declaration of 'xPSR_Type' with type 'xPSR_Type'
  275 | } xPSR_Type;
      |   ^~~~~~~~~
../Drivers/CMSIS/Include/core_cm4.h:381:3: error: conflicting types for 'CONTROL_Type'; have 'union <anonymous>'
  381 | } CONTROL_Type;
      |   ^~~~~~~~~~~~
../Drivers/CMSIS/Include/core_cm3.h:318:3: note: previous declaration of 'CONTROL_Type' with type 'CONTROL_Type'
  318 | } CONTROL_Type;
      |   ^~~~~~~~~~~~
../Drivers/CMSIS/Include/core_cm4.h:421:4: error: conflicting types for 'NVIC_Type'; have 'struct <anonymous>'
  421 | }  NVIC_Type;
      |    ^~~~~~~~~
../Drivers/CMSIS/Include/core_cm3.h:355:4: note: previous declaration of 'NVIC_Type' with type 'NVIC_Type'
  355 | }  NVIC_Type;
      |    ^~~~~~~~~
[...]
      |   ^~~~~~~~~~~~
../Drivers/CMSIS/Include/core_cm3.h:318:3: note: previous declaration of 'CONTROL_Type' with type 'CONTROL_Type'
  318 | } CONTROL_Type;
      |   ^~~~~~~~~~~~
../Drivers/CMSIS/Include/core_cm4.h:421:4: error: conflicting types for 'NVIC_Type'; have 'struct <anonymous>'
  421 | }  NVIC_Type;
      |    ^~~~~~~~~
../Drivers/CMSIS/Include/core_cm3.h:355:4: note: previous declaration of 'NVIC_Type' with type 'NVIC_Type'
  355 | }  NVIC_Type;
      |    ^~~~~~~~~
../Drivers/CMSIS/Include/core_cm4.h:463:3: error: conflicting types for 'SCB_Type'; have 'struct <anonymous>'
  463 | } SCB_Type;
      |   ^~~~~~~~
../Drivers/CMSIS/Include/core_cm3.h:397:3: note: previous declaration of 'SCB_Type' with type 'SCB_Type'
  397 | } SCB_Type;
      |   ^~~~~~~~
../Drivers/CMSIS/Include/core_cm4.h:514: warning: "SCB_VTOR_TBLOFF_Msk" redefined
  514 | #define SCB_VTOR_TBLOFF_Msk                (0x1FFFFFFUL << SCB_VTOR_TBLOFF_Pos)           /*!< SCB VTOR: TBLOFF Mask */
      | 
../Drivers/CMSIS/Include/core_cm3.h:452: note: this is the location of the previous definition
  452 | #define SCB_VTOR_TBLOFF_Msk                (0x3FFFFFUL << SCB_VTOR_TBLOFF_Pos)            /*!< SCB VTOR: TBLOFF Mask */
      | 
../Drivers/CMSIS/Include/core_cm4.h:724:3: error: conflicting types for 'SCnSCB_Type'; have 'struct <anonymous>'
  724 | } SCnSCB_Type;
      |   ^~~~~~~~~~~
../Drivers/CMSIS/Include/core_cm3.h:664:3: note: previous declaration of 'SCnSCB_Type' with type 'SCnSCB_Type'
  664 | } SCnSCB_Type;
      |   ^~~~~~~~~~~
../Drivers/CMSIS/Include/core_cm4.h:765:3: error: conflicting types for 'SysTick_Type'; have 'struct <anonymous>'
  765 | } SysTick_Type;
      |   ^~~~~~~~~~~~
../Drivers/CMSIS/Include/core_cm3.h:700:3: note: previous declaration of 'SysTick_Type' with type 'SysTick_Type'
  700 | } SysTick_Type;
      |   ^~~~~~~~~~~~
../Drivers/CMSIS/Include/core_cm4.h:845:3: error: conflicting types for 'ITM_Type'; have 'struct <anonymous>'
  845 | } ITM_Type;
      |   ^~~~~~~~
../Drivers/CMSIS/Include/core_cm3.h:780:3: note: previous declaration of 'ITM_Type' with type 'ITM_Type'
  780 | } ITM_Type;
      |   ^~~~~~~~
../Drivers/CMSIS/Include/core_cm4.h:939:3: error: conflicting types for 'DWT_Type'; have 'struct <anonymous>'
  939 | } DWT_Type;
      |   ^~~~~~~~
../Drivers/CMSIS/Include/core_cm3.h:874:3: note: previous declaration of 'DWT_Type' with type 'DWT_Type'
  874 | } DWT_Type;
      |   ^~~~~~~~
../Drivers/CMSIS/Include/core_cm4.h:1087:3: error: conflicting types for 'TPI_Type'; have 'struct <anonymous>'
 1087 | } TPI_Type;
      |   ^~~~~~~~
../Drivers/CMSIS/Include/core_cm3.h:1022:3: note: previous declaration of 'TPI_Type' with type 'TPI_Type'
 1022 | } TPI_Type;
      |   ^~~~~~~~
../Drivers/CMSIS/Include/core_cm4.h:1236:3: error: conflicting types for 'MPU_Type'; have 'struct <anonymous>'
 1236 | } MPU_Type;
      |   ^~~~~~~~
../Drivers/CMSIS/Include/core_cm3.h:1171:3: note: previous declaration of 'MPU_Type' with type 'MPU_Type'
 1171 | } MPU_Type;
      |   ^~~~~~~~
../Drivers/CMSIS/Include/core_cm4.h:1431:3: error: conflicting types for 'CoreDebug_Type'; have 'struct <anonymous>'
 1431 | } CoreDebug_Type;
      |   ^~~~~~~~~~~~~~
../Drivers/CMSIS/Include/core_cm3.h:1260:3: note: previous declaration of 'CoreDebug_Type' with type 'CoreDebug_Type'
 1260 | } CoreDebug_Type;
      |   ^~~~~~~~~~~~~~
../Drivers/CMSIS/Include/core_cm4.h:1657:22: error: redefinition of '__NVIC_SetPriorityGrouping'
 1657 | __STATIC_INLINE void __NVIC_SetPriorityGrouping(uint32_t PriorityGroup)
      |                      ^~~~~~~~~~~~~~~~~~~~~~~~~~
../Drivers/CMSIS/Include/core_cm3.h:1480:22: note: previous definition of '__NVIC_SetPriorityGrouping' with type 'void(uint32_t)' {aka 'void(long unsigned int)'}
 1480 | __STATIC_INLINE void __NVIC_SetPriorityGrouping(uint32_t PriorityGroup)
      |                      ^~~~~~~~~~~~~~~~~~~~~~~~~~
../Drivers/CMSIS/Include/core_cm4.h:1676:26: error: redefinition of '__NVIC_GetPriorityGrouping'
 1676 | __STATIC_INLINE uint32_t __NVIC_GetPriorityGrouping(void)
      |                          ^~~~~~~~~~~~~~~~~~~~~~~~~~
../Drivers/CMSIS/Include/core_cm3.h:1499:26: note: previous definition of '__NVIC_GetPriorityGrouping' with type 'uint32_t(void)' {aka 'long unsigned int(void)'}
 1499 | __STATIC_INLINE uint32_t __NVIC_GetPriorityGrouping(void)
      |                          ^~~~~~~~~~~~~~~~~~~~~~~~~~
../Drivers/CMSIS/Include/core_cm4.h:1688:22: error: redefinition of '__NVIC_EnableIRQ'
 1688 | __STATIC_INLINE void __NVIC_EnableIRQ(IRQn_Type IRQn)
      |                      ^~~~~~~~~~~~~~~~
../Drivers/CMSIS/Include/core_cm3.h:1511:22: note: previous definition of '__NVIC_EnableIRQ' with type 'void(IRQn_Type)'
 1511 | __STATIC_INLINE void __NVIC_EnableIRQ(IRQn_Type IRQn)
      |                      ^~~~~~~~~~~~~~~~
../Drivers/CMSIS/Include/core_cm4.h:1705:26: error: redefinition of '__NVIC_GetEnableIRQ'
 1705 | __STATIC_INLINE uint32_t __NVIC_GetEnableIRQ(IRQn_Type IRQn)
      |                          ^~~~~~~~~~~~~~~~~~~
../Drivers/CMSIS/Include/core_cm3.h:1528:26: note: previous definition of '__NVIC_GetEnableIRQ' with type 'uint32_t(IRQn_Type)' {aka 'long unsigned int(IRQn_Type)'}
 1528 | __STATIC_INLINE uint32_t __NVIC_GetEnableIRQ(IRQn_Type IRQn)
      |                          ^~~~~~~~~~~~~~~~~~~
../Drivers/CMSIS/Include/core_cm4.h:1724:22: error: redefinition of '__NVIC_DisableIRQ'
 1724 | __STATIC_INLINE void __NVIC_DisableIRQ(IRQn_Type IRQn)
      |                      ^~~~~~~~~~~~~~~~~
../Drivers/CMSIS/Include/core_cm3.h:1547:22: note: previous definition of '__NVIC_DisableIRQ' with type 'void(IRQn_Type)'
 1547 | __STATIC_INLINE void __NVIC_DisableIRQ(IRQn_Type IRQn)
      |                      ^~~~~~~~~~~~~~~~~
../Drivers/CMSIS/Include/core_cm4.h:1743:26: error: redefinition of '__NVIC_GetPendingIRQ'
 1743 | __STATIC_INLINE uint32_t __NVIC_GetPendingIRQ(IRQn_Type IRQn)
      |                          ^~~~~~~~~~~~~~~~~~~~
../Drivers/CMSIS/Include/core_cm3.h:1566:26: note: previous definition of '__NVIC_GetPendingIRQ' with type 'uint32_t(IRQn_Type)' {aka 'long unsigned int(IRQn_Type)'}
 1566 | __STATIC_INLINE uint32_t __NVIC_GetPendingIRQ(IRQn_Type IRQn)
      |                          ^~~~~~~~~~~~~~~~~~~~
../Drivers/CMSIS/Include/core_cm4.h:1762:22: error: redefinition of '__NVIC_SetPendingIRQ'
 1762 | __STATIC_INLINE void __NVIC_SetPendingIRQ(IRQn_Type IRQn)
      |                      ^~~~~~~~~~~~~~~~~~~~
../Drivers/CMSIS/Include/core_cm3.h:1585:22: note: previous definition of '__NVIC_SetPendingIRQ' with type 'void(IRQn_Type)'
 1585 | __STATIC_INLINE void __NVIC_SetPendingIRQ(IRQn_Type IRQn)
      |                      ^~~~~~~~~~~~~~~~~~~~
../Drivers/CMSIS/Include/core_cm4.h:1777:22: error: redefinition of '__NVIC_ClearPendingIRQ'
 1777 | __STATIC_INLINE void __NVIC_ClearPendingIRQ(IRQn_Type IRQn)
      |                      ^~~~~~~~~~~~~~~~~~~~~~
../Drivers/CMSIS/Include/core_cm3.h:1600:22: note: previous definition of '__NVIC_ClearPendingIRQ' with type 'void(IRQn_Type)'
 1600 | __STATIC_INLINE void __NVIC_ClearPendingIRQ(IRQn_Type IRQn)
      |                      ^~~~~~~~~~~~~~~~~~~~~~
../Drivers/CMSIS/Include/core_cm4.h:1794:26: error: redefinition of '__NVIC_GetActive'
 1794 | __STATIC_INLINE uint32_t __NVIC_GetActive(IRQn_Type IRQn)
      |                          ^~~~~~~~~~~~~~~~
../Drivers/CMSIS/Include/core_cm3.h:1617:26: note: previous definition of '__NVIC_GetActive' with type 'uint32_t(IRQn_Type)' {aka 'long unsigned int(IRQn_Type)'}
 1617 | __STATIC_INLINE uint32_t __NVIC_GetActive(IRQn_Type IRQn)
      |                          ^~~~~~~~~~~~~~~~
../Drivers/CMSIS/Include/core_cm4.h:1816:22: error: redefinition of '__NVIC_SetPriority'
 1816 | __STATIC_INLINE void __NVIC_SetPriority(IRQn_Type IRQn, uint32_t priority)
      |                      ^~~~~~~~~~~~~~~~~~
../Drivers/CMSIS/Include/core_cm3.h:1639:22: note: previous definition of '__NVIC_SetPriority' with type 'void(IRQn_Type,  uint32_t)' {aka 'void(IRQn_Type,  long unsigned int)'}
 1639 | __STATIC_INLINE void __NVIC_SetPriority(IRQn_Type IRQn, uint32_t priority)
      |                      ^~~~~~~~~~~~~~~~~~
../Drivers/CMSIS/Include/core_cm4.h:1838:26: error: redefinition of '__NVIC_GetPriority'
 1838 | __STATIC_INLINE uint32_t __NVIC_GetPriority(IRQn_Type IRQn)
      |                          ^~~~~~~~~~~~~~~~~~
../Drivers/CMSIS/Include/core_cm3.h:1661:26: note: previous definition of '__NVIC_GetPriority' with type 'uint32_t(IRQn_Type)' {aka 'long unsigned int(IRQn_Type)'}
 1661 | __STATIC_INLINE uint32_t __NVIC_GetPriority(IRQn_Type IRQn)
      |                          ^~~~~~~~~~~~~~~~~~
../Drivers/CMSIS/Include/core_cm4.h:1863:26: error: redefinition of 'NVIC_EncodePriority'
 1863 | __STATIC_INLINE uint32_t NVIC_EncodePriority (uint32_t PriorityGroup, uint32_t PreemptPriority, uint32_t SubPriority)
      |                          ^~~~~~~~~~~~~~~~~~~
../Drivers/CMSIS/Include/core_cm3.h:1686:26: note: previous definition of 'NVIC_EncodePriority' with type 'uint32_t(uint32_t,  uint32_t,  uint32_t)' {aka 'long unsigned int(long unsigned int,  long unsigned int,  long unsigned int)'}
 1686 | __STATIC_INLINE uint32_t NVIC_EncodePriority (uint32_t PriorityGroup, uint32_t PreemptPriority, uint32_t SubPriority)
      |                          ^~~~~~~~~~~~~~~~~~~
../Drivers/CMSIS/Include/core_cm4.h:1890:22: error: redefinition of 'NVIC_DecodePriority'
 1890 | __STATIC_INLINE void NVIC_DecodePriority (uint32_t Priority, uint32_t PriorityGroup, uint32_t* const pPreemptPriority, uint32_t* const pSubPriority)
      |                      ^~~~~~~~~~~~~~~~~~~
../Drivers/CMSIS/Include/core_cm3.h:1713:22: note: previous definition of 'NVIC_DecodePriority' with type 'void(uint32_t,  uint32_t,  uint32_t * const,  uint32_t * const)' {aka 'void(long unsigned int,  long unsigned int,  long unsigned int * const,  long unsigned int * const)'}
 1713 | __STATIC_INLINE void NVIC_DecodePriority (uint32_t Priority, uint32_t PriorityGroup, uint32_t* const pPreemptPriority, uint32_t* const pSubPriority)
      |                      ^~~~~~~~~~~~~~~~~~~
../Drivers/CMSIS/Include/core_cm4.h:1913:22: error: redefinition of '__NVIC_SetVector'
 1913 | __STATIC_INLINE void __NVIC_SetVector(IRQn_Type IRQn, uint32_t vector)
      |                      ^~~~~~~~~~~~~~~~
../Drivers/CMSIS/Include/core_cm3.h:1736:22: note: previous definition of '__NVIC_SetVector' with type 'void(IRQn_Type,  uint32_t)' {aka 'void(IRQn_Type,  long unsigned int)'}
 1736 | __STATIC_INLINE void __NVIC_SetVector(IRQn_Type IRQn, uint32_t vector)
      |                      ^~~~~~~~~~~~~~~~
../Drivers/CMSIS/Include/core_cm4.h:1928:26: error: redefinition of '__NVIC_GetVector'
 1928 | __STATIC_INLINE uint32_t __NVIC_GetVector(IRQn_Type IRQn)
      |                          ^~~~~~~~~~~~~~~~
../Drivers/CMSIS/Include/core_cm3.h:1751:26: note: previous definition of '__NVIC_GetVector' with type 'uint32_t(IRQn_Type)' {aka 'long unsigned int(IRQn_Type)'}
 1751 | __STATIC_INLINE uint32_t __NVIC_GetVector(IRQn_Type IRQn)
      |                          ^~~~~~~~~~~~~~~~
../Drivers/CMSIS/Include/core_cm4.h:1939:34: error: redefinition of '__NVIC_SystemReset'
 1939 | __NO_RETURN __STATIC_INLINE void __NVIC_SystemReset(void)
      |                                  ^~~~~~~~~~~~~~~~~~
../Drivers/CMSIS/Include/core_cm3.h:1762:34: note: previous definition of '__NVIC_SystemReset' with type 'void(void)'
 1762 | __NO_RETURN __STATIC_INLINE void __NVIC_SystemReset(void)
      |                                  ^~~~~~~~~~~~~~~~~~
../Drivers/CMSIS/Include/core_cm4.h:1981:26: error: redefinition of 'SCB_GetFPUType'
 1981 | __STATIC_INLINE uint32_t SCB_GetFPUType(void)
      |                          ^~~~~~~~~~~~~~
../Drivers/CMSIS/Include/core_cm3.h:1803:26: note: previous definition of 'SCB_GetFPUType' with type 'uint32_t(void)' {aka 'long unsigned int(void)'}
 1803 | __STATIC_INLINE uint32_t SCB_GetFPUType(void)
      |                          ^~~~~~~~~~~~~~
../Drivers/CMSIS/Include/core_cm4.h:2022:26: error: redefinition of 'SysTick_Config'
 2022 | __STATIC_INLINE uint32_t SysTick_Config(uint32_t ticks)
      |                          ^~~~~~~~~~~~~~
../Drivers/CMSIS/Include/core_cm3.h:1834:26: note: previous definition of 'SysTick_Config' with type 'uint32_t(uint32_t)' {aka 'long unsigned int(long unsigned int)'}
 1834 | __STATIC_INLINE uint32_t SysTick_Config(uint32_t ticks)
      |                          ^~~~~~~~~~~~~~
../Drivers/CMSIS/Include/core_cm4.h:2064:26: error: redefinition of 'ITM_SendChar'
 2064 | __STATIC_INLINE uint32_t ITM_SendChar (uint32_t ch)
      |                          ^~~~~~~~~~~~
../Drivers/CMSIS/Include/core_cm3.h:1876:26: note: previous definition of 'ITM_SendChar' with type 'uint32_t(uint32_t)' {aka 'long unsigned int(long unsigned int)'}
 1876 | __STATIC_INLINE uint32_t ITM_SendChar (uint32_t ch)
      |                          ^~~~~~~~~~~~
../Drivers/CMSIS/Include/core_cm4.h:2085:25: error: redefinition of 'ITM_ReceiveChar'
 2085 | __STATIC_INLINE int32_t ITM_ReceiveChar (void)
      |                         ^~~~~~~~~~~~~~~
../Drivers/CMSIS/Include/core_cm3.h:1897:25: note: previous definition of 'ITM_ReceiveChar' with type 'int32_t(void)' {aka 'long int(void)'}
 1897 | __STATIC_INLINE int32_t ITM_ReceiveChar (void)
      |                         ^~~~~~~~~~~~~~~
../Drivers/CMSIS/Include/core_cm4.h:2105:25: error: redefinition of 'ITM_CheckChar'
 2105 | __STATIC_INLINE int32_t ITM_CheckChar (void)
      |                         ^~~~~~~~~~~~~
../Drivers/CMSIS/Include/core_cm3.h:1917:25: note: previous definition of 'ITM_CheckChar' with type 'int32_t(void)' {aka 'long int(void)'}
 1917 | __STATIC_INLINE int32_t ITM_CheckChar (void)
      |                         ^~~~~~~~~~~~~
make: *** [Core/Src/subdir.mk:34: Core/Src/main.o] Error 1
"make -j12 all" terminated with exit code 2. Build might be incomplete.
12:58:33 **** Incremental Build of configuration Debug for project Eksploracja_v1 ****
make -j12 all 
arm-none-eabi-gcc "../Core/Src/main.c" -mcpu=cortex-m3 -std=gnu11 -g3 -DDEBUG -DUSE_HAL_DRIVER -DSTM32F207xx -c -I../Core/Inc -I../Drivers/STM32F2xx_HAL_Driver/Inc -I../Drivers/STM32F2xx_HAL_Driver/Inc/Legacy -I../Drivers/CMSIS/Device/ST/STM32F2xx/Include -I../Drivers/CMSIS/Include -O0 -ffunction-sections -fdata-sections -Wall -fstack-usage -fcyclomatic-complexity -MMD -MP -MF"Core/Src/main.d" -MT"Core/Src/main.o" --specs=nano.specs -mfloat-abi=soft -mthumb -o "Core/Src/main.o"
arm-none-eabi-gcc -o "Eksploracja_v1.elf" @"objects.list"   -mcpu=cortex-m3 -T"C:\Users\kacpe\OneDrive\Desktop\Projekty wlasne\STM\STM32F207\Eksploracja płytki\Eksploracja_v1\STM32F207VETX_FLASH.ld" --specs=nosys.specs -Wl,-Map="Eksploracja_v1.map" -Wl,--gc-sections -static --specs=nano.specs -mfloat-abi=soft -mthumb -Wl,--start-group -lc -lm -Wl,--end-group
Finished building target: Eksploracja_v1.elf
 
arm-none-eabi-size  Eksploracja_v1.elf 
arm-none-eabi-objdump -h -S Eksploracja_v1.elf  > "Eksploracja_v1.list"
   text	   data	    bss	    dec	    hex	filename
   9992	    104	   1904	  12000	   2ee0	Eksploracja_v1.elf
Finished building: default.size.stdout
 
Finished building: Eksploracja_v1.list
 
12:59:13 **** Incremental Build of configuration Debug for project Eksploracja_v1 ****
make -j12 all 
arm-none-eabi-size  Eksploracja_v1.elf 
   text	   data	    bss	    dec	    hex	filename
   9992	    104	   1904	  12000	   2ee0	Eksploracja_v1.elf
Finished building: default.size.stdout
 
13:04:42 **** Incremental Build of configuration Debug for project Eksploracja_v1 ****
make -j12 all 
arm-none-eabi-size  Eksploracja_v1.elf 
   text	   data	    bss	    dec	    hex	filename
   9992	    104	   1904	  12000	   2ee0	Eksploracja_v1.elf
Finished building: default.size.stdout
 
13:05:12 **** Incremental Build of configuration Debug for project Eksploracja_v1 ****
make -j12 all 
arm-none-eabi-size  Eksploracja_v1.elf 
   text	   data	    bss	    dec	    hex	filename
   9992	    104	   1904	  12000	   2ee0	Eksploracja_v1.elf
Finished building: default.size.stdout
 
13:06:17 **** Incremental Build of configuration Debug for project Eksploracja_v1 ****
make -j12 all 
arm-none-eabi-size  Eksploracja_v1.elf 
   text	   data	    bss	    dec	    hex	filename
   9992	    104	   1904	  12000	   2ee0	Eksploracja_v1.elf
Finished building: default.size.stdout
 
13:06:50 **** Incremental Build of configuration Debug for project Eksploracja_v1 ****
make -j12 all 
arm-none-eabi-size  Eksploracja_v1.elf 
   text	   data	    bss	    dec	    hex	filename
   9992	    104	   1904	  12000	   2ee0	Eksploracja_v1.elf
Finished building: default.size.stdout
 
13:09:00 **** Incremental Build of configuration Debug for project Eksploracja_v1 ****
make -j12 all 
arm-none-eabi-size  Eksploracja_v1.elf 
   text	   data	    bss	    dec	    hex	filename
   9992	    104	   1904	  12000	   2ee0	Eksploracja_v1.elf
Finished building: default.size.stdout
 
13:10:27 **** Incremental Build of configuration Debug for project Eksploracja_v1 ****
make -j12 all 
arm-none-eabi-size  Eksploracja_v1.elf 
   text	   data	    bss	    dec	    hex	filename
   9992	    104	   1904	  12000	   2ee0	Eksploracja_v1.elf
Finished building: default.size.stdout
 
13:12:37 **** Incremental Build of configuration Debug for project Eksploracja_v1 ****
make -j12 all 
arm-none-eabi-size  Eksploracja_v1.elf 
   text	   data	    bss	    dec	    hex	filename
   9992	    104	   1904	  12000	   2ee0	Eksploracja_v1.elf
Finished building: default.size.stdout
 
13:35:49 **** Incremental Build of configuration Debug for project Eksploracja_v1 ****
make -j12 all 
arm-none-eabi-gcc "../Core/Src/main.c" -mcpu=cortex-m3 -std=gnu11 -g3 -DDEBUG -DUSE_HAL_DRIVER -DSTM32F207xx -c -I../Core/Inc -I../Drivers/STM32F2xx_HAL_Driver/Inc -I../Drivers/STM32F2xx_HAL_Driver/Inc/Legacy -I../Drivers/CMSIS/Device/ST/STM32F2xx/Include -I../Drivers/CMSIS/Include -O0 -ffunction-sections -fdata-sections -Wall -fstack-usage -fcyclomatic-complexity -MMD -MP -MF"Core/Src/main.d" -MT"Core/Src/main.o" --specs=nano.specs -mfloat-abi=soft -mthumb -o "Core/Src/main.o"
arm-none-eabi-gcc "../Core/Src/stm32f2xx_it.c" -mcpu=cortex-m3 -std=gnu11 -g3 -DDEBUG -DUSE_HAL_DRIVER -DSTM32F207xx -c -I../Core/Inc -I../Drivers/STM32F2xx_HAL_Driver/Inc -I../Drivers/STM32F2xx_HAL_Driver/Inc/Legacy -I../Drivers/CMSIS/Device/ST/STM32F2xx/Include -I../Drivers/CMSIS/Include -O0 -ffunction-sections -fdata-sections -Wall -fstack-usage -fcyclomatic-complexity -MMD -MP -MF"Core/Src/stm32f2xx_it.d" -MT"Core/Src/stm32f2xx_it.o" --specs=nano.specs -mfloat-abi=soft -mthumb -o "Core/Src/stm32f2xx_it.o"
arm-none-eabi-gcc -o "Eksploracja_v1.elf" @"objects.list"   -mcpu=cortex-m3 -T"C:\Users\kacpe\OneDrive\Desktop\Projekty wlasne\STM\STM32F207\Eksploracja płytki\Eksploracja_v1\STM32F207VETX_FLASH.ld" --specs=nosys.specs -Wl,-Map="Eksploracja_v1.map" -Wl,--gc-sections -static --specs=nano.specs -mfloat-abi=soft -mthumb -Wl,--start-group -lc -lm -Wl,--end-group
Finished building target: Eksploracja_v1.elf
 
arm-none-eabi-size  Eksploracja_v1.elf 
arm-none-eabi-objdump -h -S Eksploracja_v1.elf  > "Eksploracja_v1.list"
   text	   data	    bss	    dec	    hex	filename
   9980	    104	   1920	  12004	   2ee4	Eksploracja_v1.elf
Finished building: default.size.stdout
 
Finished building: Eksploracja_v1.list
 
13:35:58 **** Incremental Build of configuration Debug for project Eksploracja_v1 ****
make -j12 all 
arm-none-eabi-size  Eksploracja_v1.elf 
   text	   data	    bss	    dec	    hex	filename
   9980	    104	   1920	  12004	   2ee4	Eksploracja_v1.elf
Finished building: default.size.stdout
 
13:36:29 **** Incremental Build of configuration Debug for project Eksploracja_v1 ****
make -j12 all 
arm-none-eabi-size  Eksploracja_v1.elf 
   text	   data	    bss	    dec	    hex	filename
   9980	    104	   1920	  12004	   2ee4	Eksploracja_v1.elf
Finished building: default.size.stdout
 
